1	167789347	A	C	+	0	0	INTRON
1	167789348	A	C	+	0	0	SPLICE_SITE_ACCEPTOR
1	167789349	A	C	+	0	0	SPLICE_SITE_ACCEPTOR
