Y	23544850	G	C	+	0	0	UTR_3_PRIME
Y	23544851	C	G	+	0	0	UTR_3_PRIME
Y	23544852	A	C	+	0	0	UTR_3_PRIME
Y	23544853	A	T	+	0	0	UTR_3_PRIME
Y	23544854	G	C	+	0	0	UTR_3_PRIME
Y	23544855	T	G	+	0	0	UTR_3_PRIME
Y	23544856	A	G	+	0	0	UTR_3_PRIME
Y	23544857	T	C	+	0	0	UTR_3_PRIME
Y	23544858	T	G	+	0	0	UTR_3_PRIME
Y	23544859	G	A	+	0	0	UTR_3_PRIME
Y	23544860	A	T	+	0	0	UTR_3_PRIME
Y	23544861	T	G	+	0	0	UTR_3_PRIME
Y	23544862	T	G	+	0	0	UTR_3_PRIME
Y	23544863	T	C	+	0	0	UTR_3_PRIME
Y	23544864	T	C	+	0	0	UTR_3_PRIME
Y	23544865	C	G	+	0	0	UTR_3_PRIME
Y	23544866	C	G	+	0	0	UTR_3_PRIME
Y	23544867	T	A	+	0	0	UTR_3_PRIME
Y	23544868	T	A	+	0	0	UTR_3_PRIME
Y	23544869	A	T	+	0	0	UTR_3_PRIME
Y	23544870	G	T	+	0	0	UTR_3_PRIME
Y	23544871	C	G	+	0	0	UTR_3_PRIME
Y	23544872	G	A	+	0	0	UTR_3_PRIME
Y	23544873	A	T	+	0	0	UTR_3_PRIME
Y	23544874	A	T	+	0	0	UTR_3_PRIME
Y	23544875	T	G	+	0	0	UTR_3_PRIME
Y	23544876	T	G	+	0	0	UTR_3_PRIME
Y	23544877	A	G	+	0	0	UTR_3_PRIME
Y	23544878	T	C	+	0	0	UTR_3_PRIME
Y	23544879	T	C	+	0	0	UTR_3_PRIME
Y	23544880	A	G	+	0	0	UTR_3_PRIME
Y	23544881	T	A	+	0	0	UTR_3_PRIME
Y	23544882	A	C	+	0	0	UTR_3_PRIME
Y	23544883	C	A	+	0	0	UTR_3_PRIME
Y	23544884	T	G	+	0	0	UTR_3_PRIME
Y	23544885	C	A	+	0	0	UTR_3_PRIME
Y	23544886	G	C	+	0	0	UTR_3_PRIME
Y	23544887	C	A	+	0	0	UTR_3_PRIME
Y	23544888	T	C	+	0	0	UTR_3_PRIME
Y	23544889	A	G	+	0	0	UTR_3_PRIME
Y	23544890	C	G	+	0	0	UTR_3_PRIME
Y	23544891	A	C	+	0	0	UTR_3_PRIME
Y	23544892	C	G	+	0	0	UTR_3_PRIME
Y	23544893	T	A	+	0	0	UTR_3_PRIME
Y	23544894	T	C	+	0	0	UTR_3_PRIME
Y	23544895	G	C	+	0	0	UTR_3_PRIME
Y	23544896	G	C	+	0	0	UTR_3_PRIME
Y	23544897	C	A	+	0	0	UTR_3_PRIME
Y	23544898	G	T	+	0	0	UTR_3_PRIME
Y	23544899	C	A	+	0	0	UTR_3_PRIME
Y	23544900	A	G	+	0	0	UTR_3_PRIME
Y	23544901	T	A	+	0	0	UTR_3_PRIME
Y	23544922	T	C	+	0	0	UTR_3_PRIME
Y	23544923	A	T	+	0	0	UTR_3_PRIME
Y	23544924	A	G	+	0	0	UTR_3_PRIME
Y	23544925	C	G	+	0	0	UTR_3_PRIME
Y	23544926	G	C	+	0	0	UTR_3_PRIME
Y	23544927	G	T	+	0	0	UTR_3_PRIME
Y	23544928	C	G	+	0	0	UTR_3_PRIME
Y	23544929	C	T	+	0	0	UTR_3_PRIME
Y	23544930	A	C	+	0	0	UTR_3_PRIME
Y	23544931	G	A	+	0	0	UTR_3_PRIME
Y	23544932	G	C	+	0	0	UTR_3_PRIME
Y	23544933	C	A	+	0	0	UTR_3_PRIME
Y	23544934	A	G	+	0	0	UTR_3_PRIME
Y	23544935	T	C	+	0	0	UTR_3_PRIME
Y	23544936	A	T	+	0	0	UTR_3_PRIME
Y	23544937	A	G	+	0	0	UTR_3_PRIME
Y	23544938	T	A	+	0	0	UTR_3_PRIME
Y	23544939	G	T	+	0	0	UTR_3_PRIME
Y	23544940	T	A	+	0	0	UTR_3_PRIME
Y	23544941	A	G	+	0	0	UTR_3_PRIME
Y	23544942	A	G	+	0	0	UTR_3_PRIME
Y	23544943	A	C	+	0	0	UTR_3_PRIME
Y	23544944	C	G	+	0	0	UTR_3_PRIME
Y	23544945	T	A	+	0	0	UTR_3_PRIME
Y	23544946	C	T	+	0	0	UTR_3_PRIME
Y	23544947	T	C	+	0	0	UTR_3_PRIME
Y	23544948	A	T	+	0	0	UTR_3_PRIME
Y	23544949	C	T	+	0	0	UTR_3_PRIME
Y	23544950	C	G	+	0	0	UTR_3_PRIME
Y	23544951	C	G	+	0	0	UTR_3_PRIME
Y	23544952	A	C	+	0	0	UTR_3_PRIME
Y	23544953	G	C	+	0	0	UTR_3_PRIME
Y	23544954	G	T	+	0	0	UTR_3_PRIME
Y	23544955	A	G	+	0	0	UTR_3_PRIME
Y	23544956	A	C	+	0	0	UTR_3_PRIME
Y	23544957	A	C	+	0	0	UTR_3_PRIME
Y	23544958	C	G	+	0	0	UTR_3_PRIME
Y	23544959	T	A	+	0	0	UTR_3_PRIME
Y	23544970	T	C	+	0	0	UTR_3_PRIME
Y	23544971	G	C	+	0	0	UTR_3_PRIME
Y	23544972	G	C	+	0	0	UTR_3_PRIME
Y	23544973	G	T	+	0	0	UTR_3_PRIME
Y	23544974	A	C	+	0	0	UTR_3_PRIME
Y	23544975	T	G	+	0	0	UTR_3_PRIME
Y	23544976	G	C	+	0	0	UTR_3_PRIME
Y	23544977	T	C	+	0	0	UTR_3_PRIME
Y	23544978	C	T	+	0	0	UTR_3_PRIME
Y	23544979	G	T	+	0	0	UTR_3_PRIME
Y	23544980	T	C	+	0	0	UTR_3_PRIME
Y	23544981	C	G	+	0	0	UTR_3_PRIME
Y	23544982	C	T	+	0	0	UTR_3_PRIME
Y	23544983	C	G	+	0	0	UTR_3_PRIME
Y	23544984	C	A	+	0	0	UTR_3_PRIME
Y	23544985	A	T	+	0	0	UTR_3_PRIME
Y	23544986	A	G	+	0	0	UTR_3_PRIME
Y	23544987	T	A	+	0	0	UTR_3_PRIME
Y	23544988	G	C	+	0	0	UTR_3_PRIME
Y	23544989	T	G	+	0	0	UTR_3_PRIME
Y	23544990	G	A	+	0	0	UTR_3_PRIME
Y	23544991	G	A	+	0	0	UTR_3_PRIME
Y	23544992	C	T	+	0	0	UTR_3_PRIME
Y	23544993	C	T	+	0	0	UTR_3_PRIME
Y	23544994	G	A	+	0	0	UTR_3_PRIME
Y	23544995	A	T	+	0	0	UTR_3_PRIME
Y	23544996	C	A	+	0	0	UTR_3_PRIME
Y	23544997	T	C	+	0	0	UTR_3_PRIME
Y	23544998	T	A	+	0	0	UTR_3_PRIME
Y	23544999	C	G	+	0	0	UTR_3_PRIME
Y	23545000	A	G	+	0	0	UTR_3_PRIME
Y	23545001	T	C	+	0	0	UTR_3_PRIME
Y	23545002	C	A	+	0	0	UTR_3_PRIME
Y	23545003	T	G	+	0	0	UTR_3_PRIME
Y	23545004	T	G	+	0	0	UTR_3_PRIME
Y	23545005	C	A	+	0	0	UTR_3_PRIME
Y	23545006	G	C	+	0	0	UTR_3_PRIME
Y	23545007	T	G	+	0	0	UTR_3_PRIME
Y	23545008	A	T	+	0	0	UTR_3_PRIME
Y	23545009	T	G	+	0	0	UTR_3_PRIME
Y	23545010	A	G	+	0	0	UTR_3_PRIME
Y	23545011	A	T	+	0	0	UTR_3_PRIME
Y	23545012	A	T	+	0	0	UTR_3_PRIME
Y	23545013	C	T	+	0	0	UTR_3_PRIME
Y	23545014	A	T	+	0	0	UTR_3_PRIME
Y	23545015	C	T	+	0	0	UTR_3_PRIME
Y	23545016	C	G	+	0	0	UTR_3_PRIME
Y	23545017	T	G	+	0	0	UTR_3_PRIME
Y	23545018	T	A	+	0	0	UTR_3_PRIME
Y	23545019	C	G	+	0	0	UTR_3_PRIME
Y	23545020	G	A	+	0	0	UTR_3_PRIME
Y	23545021	A	T	+	0	0	UTR_3_PRIME
Y	23545022	G	C	+	0	0	UTR_3_PRIME
Y	23545023	T	G	+	0	0	UTR_3_PRIME
Y	23545024	T	A	+	0	0	UTR_3_PRIME
Y	23545025	G	A	+	0	0	UTR_3_PRIME
Y	23545026	C	G	+	0	0	UTR_3_PRIME
Y	23545027	G	T	+	0	0	UTR_3_PRIME
Y	23545028	A	C	+	0	0	UTR_3_PRIME
Y	23545029	C	T	+	0	0	UTR_3_PRIME
Y	23545030	T	C	+	0	0	UTR_3_PRIME
Y	23545031	C	G	+	0	0	UTR_3_PRIME
Y	23545032	C	T	+	0	0	UTR_3_PRIME
Y	23545033	G	T	+	0	0	UTR_3_PRIME
Y	23545034	G	T	+	0	0	UTR_3_PRIME
Y	23545045	A	C	+	0	0	UTR_3_PRIME
Y	23545046	C	G	+	0	0	UTR_3_PRIME
Y	23545047	C	G	+	0	0	UTR_3_PRIME
Y	23545048	C	A	+	0	0	UTR_3_PRIME
Y	23545049	T	C	+	0	0	UTR_3_PRIME
Y	23545050	G	T	+	0	0	UTR_3_PRIME
Y	23545051	A	G	+	0	0	UTR_3_PRIME
Y	23545052	A	G	+	0	0	UTR_3_PRIME
Y	23545053	A	G	+	0	0	UTR_3_PRIME
Y	23545054	A	T	+	0	0	UTR_3_PRIME
Y	23545055	A	G	+	0	0	UTR_3_PRIME
Y	23545056	G	A	+	0	0	UTR_3_PRIME
Y	23545057	A	G	+	0	0	UTR_3_PRIME
Y	23545058	T	A	+	0	0	UTR_3_PRIME
Y	23545059	C	G	+	0	0	UTR_3_PRIME
Y	23545060	A	T	+	0	0	UTR_3_PRIME
Y	23545061	C	G	+	0	0	UTR_3_PRIME
Y	23545062	G	C	+	0	0	UTR_3_PRIME
Y	23545063	C	A	+	0	0	UTR_3_PRIME
Y	23545064	T	C	+	0	0	UTR_3_PRIME
Y	23545065	C	G	+	0	0	UTR_3_PRIME
Y	23545066	G	T	+	0	0	UTR_3_PRIME
Y	23545067	T	A	+	0	0	UTR_3_PRIME
Y	23545068	A	G	+	0	0	UTR_3_PRIME
Y	23545069	C	T	+	0	0	UTR_3_PRIME
Y	23545070	T	G	+	0	0	UTR_3_PRIME
Y	23545071	C	G	+	0	0	UTR_3_PRIME
Y	23545072	C	G	+	0	0	STOP_LOST
Y	23545073	G	A	+	0	0	SYNONYMOUS_STOP
Y	23545074	T	C	+	0	0	STOP_LOST
Y	23545075	A	C	+	0	0	SYNONYMOUS_CODING
Y	23545076	A	C	+	0	0	SYNONYMOUS_CODING
Y	23545077	A	G	+	0	0	NON_SYNONYMOUS_CODING
Y	23545078	G	T	+	0	0	SYNONYMOUS_CODING
Y	23545079	T	C	+	0	0	NON_SYNONYMOUS_CODING
Y	23545080	G	T	+	0	0	STOP_GAINED
Y	23545081	G	C	+	0	0	SYNONYMOUS_CODING
Y	23545082	A	T	+	0	0	NON_SYNONYMOUS_CODING
Y	23545083	T	G	+	0	0	NON_SYNONYMOUS_CODING
Y	23545084	T	G	+	0	0	SYNONYMOUS_CODING
Y	23545085	A	T	+	0	0	SYNONYMOUS_CODING
Y	23545086	G	A	+	0	0	SYNONYMOUS_CODING
Y	23545087	A	T	+	0	0	SYNONYMOUS_CODING
Y	23545088	G	A	+	0	0	SYNONYMOUS_CODING
Y	23545089	C	A	+	0	0	SYNONYMOUS_CODING
Y	23545090	C	A	+	0	0	SYNONYMOUS_CODING
Y	23545091	A	T	+	0	0	STOP_GAINED
Y	23545092	C	A	+	0	0	SYNONYMOUS_CODING
Y	23545093	A	C	+	0	0	NON_SYNONYMOUS_CODING
Y	23545094	G	C	+	0	0	NON_SYNONYMOUS_CODING
Y	23545095	G	T	+	0	0	NON_SYNONYMOUS_CODING
Y	23545096	C	G	+	0	0	NON_SYNONYMOUS_CODING
Y	23545097	A	T	+	0	0	NON_SYNONYMOUS_CODING
Y	23545098	T	G	+	0	0	NON_SYNONYMOUS_CODING
Y	23545099	T	C	+	0	0	SYNONYMOUS_CODING
Y	23545100	T	A	+	0	0	NON_SYNONYMOUS_CODING
Y	23545101	A	T	+	0	0	NON_SYNONYMOUS_CODING
Y	23545102	A	G	+	0	0	SYNONYMOUS_CODING
Y	23545103	G	A	+	0	0	NON_SYNONYMOUS_CODING
Y	23545104	A	G	+	0	0	SYNONYMOUS_CODING
Y	23545105	T	C	+	0	0	SYNONYMOUS_CODING
Y	23545106	T	G	+	0	0	NON_SYNONYMOUS_CODING
Y	23545107	C	G	+	0	0	NON_SYNONYMOUS_CODING
Y	23545108	T	C	+	0	0	SYNONYMOUS_CODING
Y	23545109	T	G	+	0	0	SYNONYMOUS_CODING
Y	23545110	T	A	+	0	0	NON_SYNONYMOUS_CODING
Y	23545111	T	C	+	0	0	SYNONYMOUS_CODING
Y	23545112	G	A	+	0	0	NON_SYNONYMOUS_CODING
Y	23545113	A	C	+	0	0	NON_SYNONYMOUS_CODING
Y	23545114	A	T	+	0	0	SYNONYMOUS_CODING
Y	23545115	A	G	+	0	0	NON_SYNONYMOUS_CODING
Y	23545116	C	A	+	0	0	STOP_GAINED
Y	23545117	C	T	+	0	0	SYNONYMOUS_CODING
Y	23545118	G	T	+	0	0	NON_SYNONYMOUS_CODING
Y	23545119	G	C	+	0	0	SYNONYMOUS_CODING
Y	23545120	G	A	+	0	0	NON_SYNONYMOUS_CODING
Y	23545121	G	A	+	0	0	NON_SYNONYMOUS_CODING
Y	23545122	A	G	+	0	0	SYNONYMOUS_CODING
Y	23545123	G	T	+	0	0	SYNONYMOUS_CODING
Y	23545124	T	C	+	0	0	STOP_GAINED
Y	23545125	G	T	+	0	0	NON_SYNONYMOUS_CODING
Y	23545126	G	T	+	0	0	SYNONYMOUS_CODING
Y	23545127	A	T	+	0	0	NON_SYNONYMOUS_CODING
Y	23545128	A	G	+	0	0	SYNONYMOUS_CODING
Y	23545129	A	C	+	0	0	SYNONYMOUS_CODING
Y	23545130	G	C	+	0	0	NON_SYNONYMOUS_CODING
Y	23545131	T	G	+	0	0	NON_SYNONYMOUS_CODING
Y	23545132	T	G	+	0	0	SYNONYMOUS_CODING
Y	23545133	G	C	+	0	0	SYNONYMOUS_CODING
Y	23545134	T	A	+	0	0	NON_SYNONYMOUS_CODING
Y	23545145	G	T	+	0	0	NON_SYNONYMOUS_CODING
Y	23545146	G	T	+	0	0	SYNONYMOUS_CODING
Y	23545147	C	T	+	0	0	SYNONYMOUS_CODING
Y	23545148	A	G	+	0	0	NON_SYNONYMOUS_CODING
Y	23545149	A	G	+	0	0	NON_SYNONYMOUS_CODING
Y	23545150	G	C	+	0	0	SYNONYMOUS_CODING
Y	23545151	C	A	+	0	0	SYNONYMOUS_CODING
Y	23545152	A	C	+	0	0	NON_SYNONYMOUS_CODING
Y	23545153	C	T	+	0	0	SYNONYMOUS_CODING
Y	23545154	G	C	+	0	0	NON_SYNONYMOUS_CODING
Y	23545155	T	G	+	0	0	NON_SYNONYMOUS_CODING
Y	23545156	T	A	+	0	0	NON_SYNONYMOUS_CODING
Y	23545157	A	C	+	0	0	NON_SYNONYMOUS_CODING
Y	23545158	T	A	+	0	0	NON_SYNONYMOUS_CODING
Y	23545159	A	G	+	0	0	NON_SYNONYMOUS_CODING
Y	23545160	G	T	+	0	0	STOP_GAINED
Y	23545161	C	T	+	0	0	NON_SYNONYMOUS_CODING
Y	23545162	G	A	+	0	0	SYNONYMOUS_CODING
Y	23545163	A	G	+	0	0	SYNONYMOUS_CODING
Y	23545164	C	T	+	0	0	NON_SYNONYMOUS_CODING
Y	23545165	A	T	+	0	0	STOP_GAINED
Y	23545166	T	G	+	0	0	NON_SYNONYMOUS_CODING
Y	23545318	T	A	+	0	0	SYNONYMOUS_CODING
Y	23545319	G	C	+	0	0	SYNONYMOUS_CODING
Y	23545320	T	A	+	0	0	SYNONYMOUS_CODING
Y	23545321	A	C	+	0	0	NON_SYNONYMOUS_CODING
Y	23545322	A	G	+	0	0	SYNONYMOUS_CODING
Y	23545323	G	C	+	0	0	SYNONYMOUS_CODING
Y	23545324	C	T	+	0	0	NON_SYNONYMOUS_CODING
Y	23545325	G	C	+	0	0	SYNONYMOUS_CODING
Y	23545326	C	A	+	0	0	NON_SYNONYMOUS_CODING
Y	23545327	T	C	+	0	0	NON_SYNONYMOUS_CODING
Y	23545328	C	G	+	0	0	SYNONYMOUS_CODING
Y	23545329	T	A	+	0	0	NON_SYNONYMOUS_CODING
Y	23545330	A	G	+	0	0	NON_SYNONYMOUS_CODING
Y	23545331	G	A	+	0	0	SYNONYMOUS_CODING
Y	23545332	T	C	+	0	0	NON_SYNONYMOUS_CODING
Y	23545333	A	C	+	0	0	NON_SYNONYMOUS_CODING
Y	23545334	A	C	+	0	0	SYNONYMOUS_CODING
Y	23545335	A	C	+	0	0	NON_SYNONYMOUS_CODING
Y	23545336	C	G	+	0	0	SYNONYMOUS_CODING
Y	23545337	G	T	+	0	0	SYNONYMOUS_CODING
Y	23545338	A	T	+	0	0	NON_SYNONYMOUS_CODING
Y	23545339	T	G	+	0	0	NON_SYNONYMOUS_CODING
Y	23545340	A	T	+	0	0	SYNONYMOUS_CODING
Y	23545341	G	A	+	0	0	NON_SYNONYMOUS_CODING
Y	23545342	C	A	+	0	0	NON_SYNONYMOUS_CODING
Y	23545343	T	C	+	0	0	SYNONYMOUS_CODING
Y	23545344	C	A	+	0	0	NON_SYNONYMOUS_CODING
Y	23545345	T	C	+	0	0	NON_SYNONYMOUS_CODING
Y	23545346	A	G	+	0	0	NON_SYNONYMOUS_CODING
Y	23545347	A	T	+	0	0	SYNONYMOUS_CODING
Y	23545348	A	G	+	0	0	NON_SYNONYMOUS_CODING
Y	23545349	C	G	+	0	0	SYNONYMOUS_CODING
Y	23545350	C	T	+	0	0	NON_SYNONYMOUS_CODING
Y	23545351	A	G	+	0	0	NON_SYNONYMOUS_CODING
Y	23545352	A	C	+	0	0	SYNONYMOUS_CODING
Y	23545353	A	G	+	0	0	NON_SYNONYMOUS_CODING
Y	23545354	G	T	+	0	0	NON_SYNONYMOUS_CODING
Y	23545355	T	A	+	0	0	SYNONYMOUS_CODING
Y	23545356	C	A	+	0	0	SYNONYMOUS_CODING
Y	23545357	G	C	+	0	0	NON_SYNONYMOUS_CODING
Y	23545358	A	C	+	0	0	NON_SYNONYMOUS_CODING
Y	23545359	T	C	+	0	0	SYNONYMOUS_CODING
Y	23545360	T	A	+	0	0	NON_SYNONYMOUS_CODING
Y	23545361	A	T	+	0	0	SYNONYMOUS_CODING
Y	23545362	T	A	+	0	0	NON_SYNONYMOUS_CODING
Y	23545363	C	G	+	0	0	SYNONYMOUS_CODING
Y	23545364	A	G	+	0	0	NON_SYNONYMOUS_CODING
Y	23545365	G	T	+	0	0	SYNONYMOUS_CODING
Y	23545366	T	C	+	0	0	NON_SYNONYMOUS_CODING
Y	23545367	T	A	+	0	0	SYNONYMOUS_CODING
Y	23545368	G	C	+	0	0	NON_SYNONYMOUS_CODING
Y	23545369	G	C	+	0	0	NON_SYNONYMOUS_CODING
Y	23545370	G	C	+	0	0	SYNONYMOUS_CODING
Y	23545371	T	C	+	0	0	NON_SYNONYMOUS_CODING
Y	23545372	T	A	+	0	0	NON_SYNONYMOUS_CODING
Y	23545373	T	A	+	0	0	SYNONYMOUS_CODING
Y	23545374	G	A	+	0	0	NON_SYNONYMOUS_CODING
Y	23545375	G	T	+	0	0	NON_SYNONYMOUS_CODING
Y	23545376	T	C	+	0	0	SYNONYMOUS_CODING
Y	23545377	C	G	+	0	0	NON_SYNONYMOUS_CODING
Y	23545378	T	G	+	0	0	NON_SYNONYMOUS_CODING
Y	23545379	C	T	+	0	0	SYNONYMOUS_CODING
Y	23545380	C	G	+	0	0	SYNONYMOUS_CODING
Y	23545381	G	C	+	0	0	NON_SYNONYMOUS_CODING
Y	23545382	G	C	+	0	0	NON_SYNONYMOUS_CODING
Y	23545383	C	G	+	0	0	NON_SYNONYMOUS_CODING
Y	23545384	A	T	+	0	0	NON_SYNONYMOUS_CODING
Y	23545385	T	C	+	0	0	SYNONYMOUS_CODING
Y	23545386	A	G	+	0	0	NON_SYNONYMOUS_CODING
Y	23545387	G	C	+	0	0	NON_SYNONYMOUS_CODING
Y	23545388	G	C	+	0	0	SYNONYMOUS_CODING
Y	23545389	G	A	+	0	0	NON_SYNONYMOUS_CODING
Y	23545390	T	G	+	0	0	NON_SYNONYMOUS_CODING
Y	23545391	T	C	+	0	0	NON_SYNONYMOUS_CODING
Y	23545392	T	C	+	0	0	NON_SYNONYMOUS_CODING
Y	23545393	G	T	+	0	0	NON_SYNONYMOUS_CODING
Y	23545394	A	G	+	0	0	SYNONYMOUS_CODING
Y	23545395	A	G	+	0	0	NON_SYNONYMOUS_CODING
Y	23545396	T	A	+	0	0	NON_SYNONYMOUS_CODING
Y	23545397	G	C	+	0	0	SYNONYMOUS_CODING
Y	23545398	C	T	+	0	0	NON_SYNONYMOUS_CODING
Y	23545399	C	T	+	0	0	NON_SYNONYMOUS_CODING
Y	23545400	T	A	+	0	0	SYNONYMOUS_CODING
Y	23545401	A	T	+	0	0	NON_SYNONYMOUS_CODING
Y	23545402	A	T	+	0	0	NON_SYNONYMOUS_CODING
Y	23545403	G	T	+	0	0	SYNONYMOUS_CODING
Y	23545404	C	A	+	0	0	SYNONYMOUS_CODING
Y	23545405	G	A	+	0	0	SYNONYMOUS_CODING
Y	23545406	G	A	+	0	0	SYNONYMOUS_CODING
Y	23545407	C	G	+	0	0	SYNONYMOUS_CODING
Y	23545408	C	A	+	0	0	NON_SYNONYMOUS_CODING
Y	23545409	C	A	+	0	0	SYNONYMOUS_CODING
Y	23545410	G	T	+	0	0	NON_SYNONYMOUS_CODING
Y	23545411	C	A	+	0	0	NON_SYNONYMOUS_CODING
Y	23545412	C	A	+	0	0	SYNONYMOUS_CODING
Y	23545413	T	C	+	0	0	NON_SYNONYMOUS_CODING
Y	23545414	G	C	+	0	0	NON_SYNONYMOUS_CODING
Y	23545415	C	A	+	0	0	SYNONYMOUS_CODING
Y	23545416	T	A	+	0	0	SYNONYMOUS_CODING
Y	23545417	T	G	+	0	0	SYNONYMOUS_CODING
Y	23545418	T	A	+	0	0	SYNONYMOUS_CODING
