Y	16168097	T	A	+	0	0	UTR_5_PRIME
Y	16168098	A	G	+	0	0	UTR_5_PRIME
Y	16168099	G	T	+	0	0	UTR_5_PRIME
Y	16168100	C	T	+	0	0	UTR_5_PRIME
Y	16168101	G	A	+	0	0	UTR_5_PRIME
Y	16168102	A	G	+	0	0	UTR_5_PRIME
Y	16168103	C	T	+	0	0	UTR_5_PRIME
Y	16168104	A	T	+	0	0	UTR_5_PRIME
Y	16168105	T	G	+	0	0	UTR_5_PRIME
Y	16168106	T	C	+	0	0	UTR_5_PRIME
Y	16168107	A	T	+	0	0	UTR_5_PRIME
Y	16168108	T	G	+	0	0	UTR_5_PRIME
Y	16168109	G	A	+	0	0	UTR_5_PRIME
Y	16168110	T	G	+	0	0	UTR_5_PRIME
Y	16168111	G	A	+	0	0	UTR_5_PRIME
Y	16168112	C	A	+	0	0	UTR_5_PRIME
Y	16168113	C	G	+	0	0	UTR_5_PRIME
Y	16168114	G	C	+	0	0	UTR_5_PRIME
Y	16168115	G	T	+	0	0	UTR_5_PRIME
Y	16168116	T	C	+	0	0	UTR_5_PRIME
Y	16168117	C	A	+	0	0	UTR_5_PRIME
Y	16168118	A	G	+	0	0	UTR_5_PRIME
Y	16168119	G	C	+	0	0	UTR_5_PRIME
Y	16168120	A	T	+	0	0	UTR_5_PRIME
Y	16168121	C	G	+	0	0	UTR_5_PRIME
Y	16168122	T	G	+	0	0	UTR_5_PRIME
Y	16168123	T	A	+	0	0	UTR_5_PRIME
Y	16168124	C	G	+	0	0	UTR_5_PRIME
Y	16168125	T	G	+	0	0	UTR_5_PRIME
Y	16168126	C	T	+	0	0	START_GAINED
Y	16168127	G	C	+	0	0	UTR_5_PRIME
Y	16168128	C	T	+	0	0	UTR_5_PRIME
Y	16168129	T	A	+	0	0	START_GAINED
Y	16168130	A	G	+	0	0	UTR_5_PRIME
Y	16168131	T	A	+	0	0	UTR_5_PRIME
Y	16168132	T	A	+	0	0	UTR_5_PRIME
Y	16168133	C	T	+	0	0	UTR_5_PRIME
Y	16168134	C	A	+	0	0	UTR_5_PRIME
Y	16168135	G	A	+	0	0	UTR_5_PRIME
Y	16168136	G	C	+	0	0	UTR_5_PRIME
Y	16168137	C	T	+	0	0	START_GAINED
Y	16168138	G	A	+	0	0	UTR_5_PRIME
Y	16168139	G	T	+	0	0	UTR_5_PRIME
Y	16168140	T	G	+	0	0	UTR_5_PRIME
Y	16168141	T	A	+	0	0	UTR_5_PRIME
Y	16168142	G	T	+	0	0	UTR_5_PRIME
Y	16168143	A	C	+	0	0	UTR_5_PRIME
Y	16168144	G	C	+	0	0	UTR_5_PRIME
Y	16168145	G	A	+	0	0	UTR_5_PRIME
Y	16168146	T	G	+	0	0	UTR_5_PRIME
Y	16168147	G	T	+	0	0	START_GAINED
Y	16168148	C	T	+	0	0	UTR_5_PRIME
Y	16168149	T	C	+	0	0	UTR_5_PRIME
Y	16168150	C	A	+	0	0	UTR_5_PRIME
Y	16168151	T	C	+	0	0	UTR_5_PRIME
Y	16168152	G	T	+	0	0	UTR_5_PRIME
Y	16168153	T	G	+	0	0	UTR_5_PRIME
Y	16168154	C	G	+	0	0	UTR_5_PRIME
Y	16168155	A	C	+	0	0	UTR_5_PRIME
Y	16168156	T	A	+	0	0	START_GAINED
Y	16168157	C	G	+	0	0	UTR_5_PRIME
Y	16168158	G	T	+	0	0	UTR_5_PRIME
Y	16168159	G	C	+	0	0	UTR_5_PRIME
Y	16168160	G	A	+	0	0	UTR_5_PRIME
Y	16168161	A	G	+	0	0	UTR_5_PRIME
Y	16168162	G	A	+	0	0	UTR_5_PRIME
Y	16168163	A	C	+	0	0	UTR_5_PRIME
Y	16168164	C	A	+	0	0	UTR_5_PRIME
Y	16168165	A	G	+	0	0	UTR_5_PRIME
Y	16168166	G	T	+	0	0	UTR_5_PRIME
Y	16168167	C	A	+	0	0	UTR_5_PRIME
Y	16168168	A	T	+	0	0	START_GAINED
Y	16168169	G	A	+	0	0	UTR_5_PRIME
Y	16168170	A	T	+	0	0	NON_SYNONYMOUS_START
Y	16168171	G	A	+	0	0	START_LOST
Y	16168172	T	A	+	0	0	START_LOST
Y	16168173	G	T	+	0	0	NON_SYNONYMOUS_CODING
Y	16168174	A	T	+	0	0	NON_SYNONYMOUS_CODING
Y	16168175	C	G	+	0	0	NON_SYNONYMOUS_CODING
Y	16168176	T	A	+	0	0	NON_SYNONYMOUS_CODING
Y	16168177	T	A	+	0	0	NON_SYNONYMOUS_CODING
Y	16168178	T	C	+	0	0	SYNONYMOUS_CODING
Y	16168179	G	C	+	0	0	NON_SYNONYMOUS_CODING
Y	16168180	A	T	+	0	0	NON_SYNONYMOUS_CODING
Y	16168181	C	A	+	0	0	SYNONYMOUS_CODING
Y	16168182	T	A	+	0	0	NON_SYNONYMOUS_CODING
Y	16168183	G	T	+	0	0	NON_SYNONYMOUS_CODING
Y	16168184	C	T	+	0	0	SYNONYMOUS_CODING
Y	16168185	G	A	+	0	0	SYNONYMOUS_CODING
Y	16168186	T	A	+	0	0	NON_SYNONYMOUS_CODING
Y	16168187	T	G	+	0	0	SYNONYMOUS_CODING
Y	16168188	T	C	+	0	0	NON_SYNONYMOUS_CODING
Y	16168189	A	G	+	0	0	NON_SYNONYMOUS_CODING
Y	16168190	G	C	+	0	0	SYNONYMOUS_CODING
Y	16168191	G	C	+	0	0	NON_SYNONYMOUS_CODING
Y	16168192	T	A	+	0	0	STOP_GAINED
Y	16168193	T	G	+	0	0	SYNONYMOUS_CODING
Y	16168194	T	A	+	0	0	NON_SYNONYMOUS_CODING
Y	16168195	G	A	+	0	0	NON_SYNONYMOUS_CODING
Y	16168196	G	C	+	0	0	SYNONYMOUS_CODING
Y	16168197	A	G	+	0	0	NON_SYNONYMOUS_CODING
Y	16168198	G	C	+	0	0	SYNONYMOUS_CODING
Y	16168199	G	C	+	0	0	SYNONYMOUS_CODING
Y	16168200	T	G	+	0	0	NON_SYNONYMOUS_CODING
Y	16168201	T	C	+	0	0	SYNONYMOUS_CODING
Y	16168202	A	T	+	0	0	SYNONYMOUS_CODING
Y	16168203	C	G	+	0	0	SYNONYMOUS_CODING
Y	16168204	C	G	+	0	0	NON_SYNONYMOUS_CODING
Y	16168205	C	A	+	0	0	SYNONYMOUS_CODING
Y	16168206	G	A	+	0	0	SYNONYMOUS_CODING
Y	16168207	C	T	+	0	0	NON_SYNONYMOUS_CODING
Y	16168208	T	G	+	0	0	SYNONYMOUS_CODING
Y	16168209	T	G	+	0	0	SYNONYMOUS_CODING
Y	16168210	A	T	+	0	0	NON_SYNONYMOUS_CODING
Y	16168211	G	C	+	0	0	SYNONYMOUS_CODING
Y	16168212	G	T	+	0	0	STOP_GAINED
Y	16168213	G	T	+	0	0	NON_SYNONYMOUS_CODING
Y	16168214	C	A	+	0	0	SYNONYMOUS_CODING
Y	16168215	T	G	+	0	0	SYNONYMOUS_CODING
Y	16168216	T	A	+	0	0	SYNONYMOUS_CODING
Y	16168217	A	T	+	0	0	NON_SYNONYMOUS_CODING
Y	16168218	T	G	+	0	0	NON_SYNONYMOUS_CODING
Y	16168219	A	T	+	0	0	NON_SYNONYMOUS_CODING
Y	16168220	T	C	+	0	0	SYNONYMOUS_CODING
Y	16168221	A	C	+	0	0	NON_SYNONYMOUS_CODING
Y	16168222	C	A	+	0	0	NON_SYNONYMOUS_CODING
Y	16168223	A	C	+	0	0	SYNONYMOUS_CODING
Y	16168224	A	G	+	0	0	NON_SYNONYMOUS_CODING
Y	16168225	C	A	+	0	0	SYNONYMOUS_CODING
Y	16168226	T	A	+	0	0	SYNONYMOUS_CODING
Y	16168227	C	A	+	0	0	SYNONYMOUS_CODING
Y	16168228	A	G	+	0	0	SYNONYMOUS_CODING
Y	16168229	A	C	+	0	0	NON_SYNONYMOUS_CODING
Y	16168230	C	G	+	0	0	NON_SYNONYMOUS_CODING
Y	16168231	T	C	+	0	0	NON_SYNONYMOUS_CODING
Y	16168232	A	G	+	0	0	SYNONYMOUS_CODING
Y	16168233	C	T	+	0	0	SYNONYMOUS_CODING
Y	16168234	G	A	+	0	0	NON_SYNONYMOUS_CODING
Y	16168235	T	A	+	0	0	SYNONYMOUS_CODING
Y	16168236	G	C	+	0	0	NON_SYNONYMOUS_CODING
Y	16168237	T	A	+	0	0	NON_SYNONYMOUS_CODING
Y	16168238	A	C	+	0	0	SYNONYMOUS_CODING
Y	16168239	A	G	+	0	0	NON_SYNONYMOUS_CODING
Y	16168240	G	C	+	0	0	SYNONYMOUS_CODING
Y	16168241	C	T	+	0	0	SYNONYMOUS_CODING
Y	16168242	G	C	+	0	0	SYNONYMOUS_CODING
Y	16168243	C	A	+	0	0	SYNONYMOUS_CODING
Y	16168244	T	C	+	0	0	NON_SYNONYMOUS_CODING
Y	16168245	C	G	+	0	0	NON_SYNONYMOUS_CODING
Y	16168246	T	A	+	0	0	NON_SYNONYMOUS_CODING
Y	16168247	A	G	+	0	0	SYNONYMOUS_CODING
Y	16168248	G	A	+	0	0	SYNONYMOUS_CODING
Y	16168249	T	C	+	0	0	NON_SYNONYMOUS_CODING
Y	16168250	A	C	+	0	0	SYNONYMOUS_CODING
Y	16168251	A	C	+	0	0	SYNONYMOUS_CODING
Y	16168252	A	C	+	0	0	SYNONYMOUS_CODING
Y	16168253	C	G	+	0	0	SYNONYMOUS_CODING
Y	16168254	G	T	+	0	0	NON_SYNONYMOUS_CODING
Y	16168255	A	T	+	0	0	NON_SYNONYMOUS_CODING
Y	16168256	T	G	+	0	0	NON_SYNONYMOUS_CODING
Y	16168257	A	T	+	0	0	NON_SYNONYMOUS_CODING
Y	16168258	G	A	+	0	0	NON_SYNONYMOUS_CODING
Y	16168259	C	A	+	0	0	SYNONYMOUS_CODING
Y	16168260	T	C	+	0	0	SYNONYMOUS_CODING
Y	16168261	C	A	+	0	0	NON_SYNONYMOUS_CODING
Y	16168262	T	C	+	0	0	SYNONYMOUS_CODING
Y	16168263	A	G	+	0	0	NON_SYNONYMOUS_CODING
Y	16168264	A	T	+	0	0	NON_SYNONYMOUS_CODING
Y	16168265	A	G	+	0	0	SYNONYMOUS_CODING
Y	16168266	C	G	+	0	0	NON_SYNONYMOUS_CODING
Y	16168267	C	T	+	0	0	NON_SYNONYMOUS_CODING
Y	16168268	A	G	+	0	0	SYNONYMOUS_CODING
Y	16168269	A	C	+	0	0	NON_SYNONYMOUS_CODING
Y	16168270	A	G	+	0	0	NON_SYNONYMOUS_CODING
Y	16168271	G	T	+	0	0	NON_SYNONYMOUS_CODING
Y	16168464	C	G	+	0	0	NON_SYNONYMOUS_CODING
Y	16168465	T	C	+	0	0	SYNONYMOUS_CODING
Y	16168466	A	T	+	0	0	SYNONYMOUS_CODING
Y	16168467	G	C	+	0	0	NON_SYNONYMOUS_CODING
Y	16168468	C	T	+	0	0	NON_SYNONYMOUS_CODING
Y	16168469	C	G	+	0	0	SYNONYMOUS_CODING
Y	16168470	G	A	+	0	0	SYNONYMOUS_CODING
Y	16168471	T	G	+	0	0	NON_SYNONYMOUS_CODING
Y	16168472	T	C	+	0	0	NON_SYNONYMOUS_CODING
Y	16168473	T	A	+	0	0	NON_SYNONYMOUS_CODING
Y	16168474	C	A	+	0	0	NON_SYNONYMOUS_CODING
Y	16168475	A	C	+	0	0	SYNONYMOUS_CODING
Y	16168476	C	A	+	0	0	NON_SYNONYMOUS_CODING
Y	16168477	T	G	+	0	0	NON_SYNONYMOUS_CODING
Y	16168478	A	T	+	0	0	SYNONYMOUS_CODING
Y	16168479	A	C	+	0	0	NON_SYNONYMOUS_CODING
Y	16168480	A	C	+	0	0	NON_SYNONYMOUS_CODING
Y	16168481	A	C	+	0	0	NON_SYNONYMOUS_CODING
Y	16168482	A	C	+	0	0	NON_SYNONYMOUS_CODING
Y	16168483	T	A	+	0	0	SYNONYMOUS_CODING
Y	16168484	A	C	+	0	0	NON_SYNONYMOUS_CODING
Y	16168485	A	C	+	0	0	NON_SYNONYMOUS_CODING
Y	16168486	G	A	+	0	0	NON_SYNONYMOUS_CODING
Y	16168487	G	A	+	0	0	SYNONYMOUS_CODING
Y	16168488	A	C	+	0	0	NON_SYNONYMOUS_CODING
Y	16168489	G	C	+	0	0	NON_SYNONYMOUS_CODING
Y	16168490	G	T	+	0	0	NON_SYNONYMOUS_CODING
Y	16168491	A	G	+	0	0	SYNONYMOUS_CODING
Y	16168492	G	T	+	0	0	NON_SYNONYMOUS_CODING
Y	16168493	G	A	+	0	0	SYNONYMOUS_CODING
Y	16168494	G	T	+	0	0	NON_SYNONYMOUS_CODING
Y	16168495	T	C	+	0	0	NON_SYNONYMOUS_CODING
Y	16168496	G	A	+	0	0	SYNONYMOUS_CODING
Y	16168497	G	T	+	0	0	NON_SYNONYMOUS_CODING
Y	16168498	A	C	+	0	0	NON_SYNONYMOUS_CODING
Y	16168499	C	G	+	0	0	SYNONYMOUS_CODING
Y	16168500	A	T	+	0	0	STOP_GAINED
Y	16168501	C	G	+	0	0	SYNONYMOUS_CODING
Y	16168502	C	A	+	0	0	SYNONYMOUS_CODING
Y	16168503	A	C	+	0	0	NON_SYNONYMOUS_CODING
Y	16168504	A	C	+	0	0	NON_SYNONYMOUS_CODING
Y	16168505	A	G	+	0	0	SYNONYMOUS_CODING
Y	16168506	G	C	+	0	0	SYNONYMOUS_CODING
Y	16168507	C	T	+	0	0	NON_SYNONYMOUS_CODING
Y	16168508	T	A	+	0	0	SYNONYMOUS_CODING
Y	16168509	G	A	+	0	0	NON_SYNONYMOUS_CODING
Y	16168510	C	T	+	0	0	NON_SYNONYMOUS_CODING
Y	16168511	T	C	+	0	0	SYNONYMOUS_CODING
Y	16168512	G	T	+	0	0	NON_SYNONYMOUS_CODING
Y	16168513	T	C	+	0	0	NON_SYNONYMOUS_CODING
Y	16168514	G	C	+	0	0	SYNONYMOUS_CODING
Y	16168515	C	T	+	0	0	STOP_GAINED
Y	16168516	G	A	+	0	0	SYNONYMOUS_CODING
Y	16168517	T	C	+	0	0	NON_SYNONYMOUS_CODING
Y	16168518	C	G	+	0	0	NON_SYNONYMOUS_CODING
Y	16168519	C	G	+	0	0	NON_SYNONYMOUS_CODING
Y	16168520	T	A	+	0	0	SYNONYMOUS_CODING
Y	16168521	G	C	+	0	0	NON_SYNONYMOUS_CODING
Y	16168522	T	A	+	0	0	NON_SYNONYMOUS_CODING
Y	16168523	C	A	+	0	0	SYNONYMOUS_CODING
Y	16168524	G	T	+	0	0	NON_SYNONYMOUS_CODING
Y	16168525	T	G	+	0	0	NON_SYNONYMOUS_CODING
Y	16168526	A	G	+	0	0	SYNONYMOUS_CODING
Y	16168527	C	G	+	0	0	SYNONYMOUS_CODING
Y	16168528	G	A	+	0	0	NON_SYNONYMOUS_CODING
Y	16168529	A	G	+	0	0	SYNONYMOUS_CODING
Y	16168530	C	G	+	0	0	NON_SYNONYMOUS_CODING
Y	16168531	G	C	+	0	0	SYNONYMOUS_CODING
Y	16168532	C	G	+	0	0	SYNONYMOUS_CODING
Y	16168533	A	C	+	0	0	NON_SYNONYMOUS_CODING
Y	16168534	A	T	+	0	0	NON_SYNONYMOUS_CODING
Y	16168535	G	C	+	0	0	NON_SYNONYMOUS_CODING
Y	16168536	T	G	+	0	0	NON_SYNONYMOUS_CODING
Y	16168537	A	G	+	0	0	NON_SYNONYMOUS_CODING
Y	16168538	T	C	+	0	0	NON_SYNONYMOUS_CODING
Y	16168539	T	G	+	0	0	SYNONYMOUS_CODING
Y	16168540	G	A	+	0	0	NON_SYNONYMOUS_CODING
Y	16168541	A	T	+	0	0	SYNONYMOUS_CODING
Y	16168542	T	G	+	0	0	SYNONYMOUS_CODING
Y	16168543	T	G	+	0	0	NON_SYNONYMOUS_CODING
Y	16168544	T	C	+	0	0	SYNONYMOUS_CODING
Y	16168545	T	C	+	0	0	NON_SYNONYMOUS_CODING
Y	16168546	C	G	+	0	0	NON_SYNONYMOUS_CODING
Y	16168547	C	G	+	0	0	SYNONYMOUS_CODING
Y	16168548	T	A	+	0	0	SYNONYMOUS_CODING
Y	16168549	T	A	+	0	0	NON_SYNONYMOUS_CODING
Y	16168550	A	T	+	0	0	SYNONYMOUS_CODING
Y	16168551	G	T	+	0	0	NON_SYNONYMOUS_CODING
Y	16168552	C	G	+	0	0	NON_SYNONYMOUS_CODING
Y	16168553	G	A	+	0	0	SYNONYMOUS_CODING
Y	16168554	A	T	+	0	0	NON_SYNONYMOUS_CODING
Y	16168555	A	T	+	0	0	NON_SYNONYMOUS_CODING
Y	16168556	T	G	+	0	0	SYNONYMOUS_CODING
Y	16168557	T	G	+	0	0	SYNONYMOUS_CODING
Y	16168558	A	G	+	0	0	NON_SYNONYMOUS_CODING
Y	16168559	T	C	+	0	0	NON_SYNONYMOUS_CODING
Y	16168560	T	C	+	0	0	NON_SYNONYMOUS_CODING
Y	16168561	A	G	+	0	0	NON_SYNONYMOUS_CODING
Y	16168562	T	A	+	0	0	SYNONYMOUS_CODING
Y	16168563	A	C	+	0	0	NON_SYNONYMOUS_CODING
Y	16168564	C	A	+	0	0	SYNONYMOUS_CODING
Y	16168565	T	G	+	0	0	SYNONYMOUS_CODING
Y	16168566	C	A	+	0	0	SYNONYMOUS_CODING
Y	16168567	G	C	+	0	0	NON_SYNONYMOUS_CODING
Y	16168568	C	A	+	0	0	NON_SYNONYMOUS_CODING
Y	16168569	T	C	+	0	0	NON_SYNONYMOUS_CODING
Y	16168570	A	G	+	0	0	SYNONYMOUS_CODING
Y	16168571	C	G	+	0	0	SYNONYMOUS_CODING
Y	16168572	A	C	+	0	0	SYNONYMOUS_CODING
Y	16168573	C	G	+	0	0	NON_SYNONYMOUS_CODING
Y	16168574	T	A	+	0	0	SYNONYMOUS_CODING
Y	16168575	T	C	+	0	0	NON_SYNONYMOUS_CODING
Y	16168576	G	C	+	0	0	SYNONYMOUS_CODING
Y	16168577	G	C	+	0	0	SYNONYMOUS_CODING
Y	16168578	C	A	+	0	0	NON_SYNONYMOUS_CODING
Y	16168579	G	T	+	0	0	NON_SYNONYMOUS_CODING
Y	16168580	C	A	+	0	0	SYNONYMOUS_CODING
Y	16168581	A	G	+	0	0	NON_SYNONYMOUS_CODING
Y	16168582	T	A	+	0	0	NON_SYNONYMOUS_CODING
Y	16168583	C	G	+	0	0	SYNONYMOUS_CODING
Y	16168584	C	T	+	0	0	NON_SYNONYMOUS_CODING
Y	16168585	G	A	+	0	0	NON_SYNONYMOUS_CODING
Y	16168586	A	C	+	0	0	SYNONYMOUS_CODING
Y	16168587	C	G	+	0	0	NON_SYNONYMOUS_CODING
Y	16168588	C	T	+	0	0	NON_SYNONYMOUS_CODING
Y	16168589	G	A	+	0	0	SYNONYMOUS_CODING
Y	16168590	C	A	+	0	0	SYNONYMOUS_CODING
Y	16168591	A	C	+	0	0	NON_SYNONYMOUS_CODING
Y	16168592	G	C	+	0	0	SYNONYMOUS_CODING
Y	16168593	T	G	+	0	0	SYNONYMOUS_CODING
Y	16168594	G	T	+	0	0	NON_SYNONYMOUS_CODING
Y	16168595	G	T	+	0	0	SYNONYMOUS_CODING
Y	16168596	T	C	+	0	0	SYNONYMOUS_CODING
Y	16168597	T	C	+	0	0	NON_SYNONYMOUS_CODING
Y	16168598	C	A	+	0	0	SYNONYMOUS_CODING
Y	16168599	G	T	+	0	0	NON_SYNONYMOUS_CODING
Y	16168600	A	C	+	0	0	SYNONYMOUS_CODING
Y	16168601	G	T	+	0	0	SYNONYMOUS_CODING
Y	16168602	T	G	+	0	0	NON_SYNONYMOUS_CODING
Y	16168603	T	C	+	0	0	NON_SYNONYMOUS_CODING
Y	16168604	A	T	+	0	0	SYNONYMOUS_CODING
Y	16168605	A	G	+	0	0	NON_SYNONYMOUS_CODING
Y	16168606	C	G	+	0	0	NON_SYNONYMOUS_CODING
Y	16168607	G	C	+	0	0	NON_SYNONYMOUS_CODING
Y	16168608	G	T	+	0	0	STOP_GAINED
Y	16168609	C	G	+	0	0	NON_SYNONYMOUS_CODING
Y	16168610	C	T	+	0	0	NON_SYNONYMOUS_CODING
Y	16168611	A	C	+	0	0	SYNONYMOUS_CODING
Y	16168612	G	A	+	0	0	NON_SYNONYMOUS_CODING
Y	16168613	G	C	+	0	0	SYNONYMOUS_CODING
Y	16168614	C	A	+	0	0	NON_SYNONYMOUS_CODING
Y	16168615	A	G	+	0	0	NON_SYNONYMOUS_CODING
Y	16168616	T	C	+	0	0	SYNONYMOUS_CODING
Y	16168617	A	T	+	0	0	STOP_GAINED
Y	16168618	A	G	+	0	0	NON_SYNONYMOUS_CODING
Y	16168619	T	A	+	0	0	SYNONYMOUS_CODING
Y	16168620	G	T	+	0	0	NON_SYNONYMOUS_CODING
Y	16168621	T	A	+	0	0	SYNONYMOUS_CODING
Y	16168622	A	G	+	0	0	NON_SYNONYMOUS_CODING
Y	16168623	A	G	+	0	0	SYNONYMOUS_CODING
Y	16168624	A	C	+	0	0	NON_SYNONYMOUS_CODING
Y	16168625	C	G	+	0	0	SYNONYMOUS_CODING
Y	16168626	T	A	+	0	0	NON_SYNONYMOUS_CODING
Y	16168627	C	T	+	0	0	SYNONYMOUS_CODING
Y	16168628	T	C	+	0	0	SYNONYMOUS_CODING
Y	16168629	A	T	+	0	0	NON_SYNONYMOUS_CODING
Y	16168630	C	T	+	0	0	NON_SYNONYMOUS_CODING
Y	16168631	C	G	+	0	0	SYNONYMOUS_CODING
Y	16168632	C	G	+	0	0	NON_SYNONYMOUS_CODING
Y	16168633	A	C	+	0	0	SYNONYMOUS_CODING
Y	16168634	G	C	+	0	0	SYNONYMOUS_CODING
Y	16168635	G	T	+	0	0	STOP_GAINED
Y	16168636	A	G	+	0	0	NON_SYNONYMOUS_CODING
Y	16168637	A	C	+	0	0	NON_SYNONYMOUS_CODING
Y	16168638	A	C	+	0	0	NON_SYNONYMOUS_CODING
Y	16168639	C	G	+	0	0	NON_SYNONYMOUS_CODING
Y	16168640	T	A	+	0	0	SYNONYMOUS_CODING
Y	16168641	T	C	+	0	0	SYNONYMOUS_CODING
Y	16168642	A	C	+	0	0	SYNONYMOUS_CODING
Y	16168643	G	A	+	0	0	SYNONYMOUS_CODING
Y	16168644	C	G	+	0	0	SYNONYMOUS_CODING
Y	16168645	G	C	+	0	0	NON_SYNONYMOUS_CODING
Y	16168646	A	C	+	0	0	SYNONYMOUS_CODING
Y	16168647	T	C	+	0	0	NON_SYNONYMOUS_CODING
Y	16168648	T	A	+	0	0	NON_SYNONYMOUS_CODING
Y	16168649	C	A	+	0	0	NON_SYNONYMOUS_CODING
Y	16168650	C	G	+	0	0	SYNONYMOUS_CODING
Y	16168651	T	C	+	0	0	NON_SYNONYMOUS_CODING
Y	16168652	G	C	+	0	0	NON_SYNONYMOUS_CODING
Y	16168653	G	C	+	0	0	NON_SYNONYMOUS_CODING
Y	16168654	G	T	+	0	0	NON_SYNONYMOUS_CODING
Y	16168655	A	C	+	0	0	SYNONYMOUS_CODING
Y	16168656	T	G	+	0	0	NON_SYNONYMOUS_CODING
Y	16168657	G	C	+	0	0	SYNONYMOUS_CODING
Y	16168658	T	C	+	0	0	SYNONYMOUS_CODING
Y	16168659	C	T	+	0	0	STOP_GAINED
Y	16168660	G	T	+	0	0	NON_SYNONYMOUS_CODING
Y	16168661	T	C	+	0	0	NON_SYNONYMOUS_CODING
Y	16168662	C	G	+	0	0	NON_SYNONYMOUS_CODING
Y	16168663	C	T	+	0	0	NON_SYNONYMOUS_CODING
Y	16168664	C	G	+	0	0	NON_SYNONYMOUS_CODING
Y	16168665	C	A	+	0	0	NON_SYNONYMOUS_CODING
Y	16168666	A	T	+	0	0	NON_SYNONYMOUS_CODING
Y	16168667	A	G	+	0	0	NON_SYNONYMOUS_CODING
Y	16168668	T	A	+	0	0	NON_SYNONYMOUS_CODING
Y	16168669	G	C	+	0	0	SYNONYMOUS_CODING
Y	16168670	T	G	+	0	0	SYNONYMOUS_CODING
Y	16168671	G	A	+	0	0	NON_SYNONYMOUS_CODING
Y	16168672	G	A	+	0	0	NON_SYNONYMOUS_CODING
Y	16168673	C	T	+	0	0	SYNONYMOUS_CODING
Y	16168674	C	T	+	0	0	NON_SYNONYMOUS_CODING
Y	16168675	G	A	+	0	0	NON_SYNONYMOUS_CODING
Y	16168676	A	T	+	0	0	SYNONYMOUS_CODING
Y	16168677	C	A	+	0	0	NON_SYNONYMOUS_CODING
Y	16168678	T	C	+	0	0	NON_SYNONYMOUS_CODING
Y	16168679	T	A	+	0	0	SYNONYMOUS_CODING
Y	16168680	C	G	+	0	0	SYNONYMOUS_CODING
Y	16168681	A	G	+	0	0	NON_SYNONYMOUS_CODING
Y	16168682	T	C	+	0	0	NON_SYNONYMOUS_CODING
Y	16168683	C	A	+	0	0	SYNONYMOUS_CODING
Y	16168684	T	G	+	0	0	SYNONYMOUS_CODING
Y	16168685	T	G	+	0	0	NON_SYNONYMOUS_CODING
Y	16168686	C	A	+	0	0	NON_SYNONYMOUS_CODING
Y	16168687	G	C	+	0	0	NON_SYNONYMOUS_CODING
Y	16168688	T	G	+	0	0	SYNONYMOUS_CODING
Y	16168689	A	T	+	0	0	SYNONYMOUS_CODING
Y	16168690	T	G	+	0	0	NON_SYNONYMOUS_CODING
Y	16168691	A	G	+	0	0	SYNONYMOUS_CODING
Y	16168692	A	T	+	0	0	STOP_GAINED
Y	16168693	A	T	+	0	0	NON_SYNONYMOUS_CODING
Y	16168694	C	T	+	0	0	NON_SYNONYMOUS_CODING
Y	16168695	A	T	+	0	0	STOP_GAINED
Y	16168696	C	T	+	0	0	NON_SYNONYMOUS_CODING
Y	16168697	C	G	+	0	0	SYNONYMOUS_CODING
Y	16168698	T	G	+	0	0	NON_SYNONYMOUS_CODING
Y	16168699	T	A	+	0	0	NON_SYNONYMOUS_CODING
Y	16168700	C	G	+	0	0	SYNONYMOUS_CODING
Y	16168701	G	A	+	0	0	NON_SYNONYMOUS_CODING
Y	16168702	A	T	+	0	0	SYNONYMOUS_CODING
Y	16168703	G	C	+	0	0	SYNONYMOUS_CODING
Y	16168704	T	G	+	0	0	NON_SYNONYMOUS_CODING
Y	16168705	T	A	+	0	0	NON_SYNONYMOUS_CODING
Y	16168706	G	A	+	0	0	NON_SYNONYMOUS_CODING
Y	16168707	C	G	+	0	0	NON_SYNONYMOUS_CODING
Y	16168708	G	T	+	0	0	NON_SYNONYMOUS_CODING
Y	16168709	A	C	+	0	0	NON_SYNONYMOUS_CODING
Y	16168710	C	T	+	0	0	NON_SYNONYMOUS_CODING
Y	16168711	T	C	+	0	0	NON_SYNONYMOUS_CODING
Y	16168712	C	G	+	0	0	SYNONYMOUS_CODING
Y	16168713	C	T	+	0	0	NON_SYNONYMOUS_CODING
Y	16168714	G	T	+	0	0	NON_SYNONYMOUS_CODING
Y	16168715	G	T	+	0	0	SYNONYMOUS_CODING
Y	16168716	G	A	+	0	0	NON_SYNONYMOUS_CODING
Y	16168717	A	C	+	0	0	SYNONYMOUS_CODING
Y	16168718	T	A	+	0	0	SYNONYMOUS_CODING
Y	16168719	C	T	+	0	0	SYNONYMOUS_CODING
Y	16168720	T	G	+	0	0	NON_SYNONYMOUS_CODING
Y	16168721	T	G	+	0	0	SYNONYMOUS_CODING
Y	16168722	A	C	+	0	0	NON_SYNONYMOUS_CODING
Y	16168723	C	G	+	0	0	NON_SYNONYMOUS_CODING
Y	16168724	A	G	+	0	0	SYNONYMOUS_CODING
Y	16168725	T	G	+	0	0	NON_SYNONYMOUS_CODING
Y	16168726	A	C	+	0	0	SYNONYMOUS_CODING
Y	16168727	C	G	+	0	0	SYNONYMOUS_CODING
Y	16168728	C	G	+	0	0	NON_SYNONYMOUS_CODING
Y	16168729	C	A	+	0	0	NON_SYNONYMOUS_CODING
Y	16168730	T	C	+	0	0	SYNONYMOUS_CODING
Y	16168731	G	T	+	0	0	SYNONYMOUS_CODING
Y	16168732	A	G	+	0	0	NON_SYNONYMOUS_CODING
Y	16168733	A	G	+	0	0	SYNONYMOUS_CODING
Y	16168734	A	G	+	0	0	NON_SYNONYMOUS_CODING
Y	16168735	A	T	+	0	0	NON_SYNONYMOUS_CODING
Y	16168736	A	G	+	0	0	SYNONYMOUS_CODING
Y	16168737	G	A	+	0	0	STOP_LOST
Y	16168738	A	G	+	0	0	SYNONYMOUS_STOP
Y	16168739	T	A	+	0	0	SYNONYMOUS_STOP
Y	16168740	C	G	+	0	0	UTR_3_PRIME
Y	16168741	A	T	+	0	0	UTR_3_PRIME
Y	16168742	C	G	+	0	0	UTR_3_PRIME
Y	16168743	G	C	+	0	0	UTR_3_PRIME
Y	16168744	C	A	+	0	0	UTR_3_PRIME
Y	16168745	T	C	+	0	0	UTR_3_PRIME
Y	16168746	C	G	+	0	0	UTR_3_PRIME
Y	16168747	G	T	+	0	0	UTR_3_PRIME
Y	16168748	T	A	+	0	0	UTR_3_PRIME
Y	16168749	A	G	+	0	0	UTR_3_PRIME
Y	16168750	C	T	+	0	0	UTR_3_PRIME
Y	16168751	T	G	+	0	0	UTR_3_PRIME
Y	16168752	C	G	+	0	0	UTR_3_PRIME
Y	16168753	C	G	+	0	0	UTR_3_PRIME
Y	16168754	G	A	+	0	0	UTR_3_PRIME
Y	16168755	T	C	+	0	0	UTR_3_PRIME
Y	16168756	A	C	+	0	0	UTR_3_PRIME
Y	16168757	A	C	+	0	0	UTR_3_PRIME
Y	16168758	A	G	+	0	0	UTR_3_PRIME
Y	16168759	G	T	+	0	0	UTR_3_PRIME
Y	16168760	T	C	+	0	0	UTR_3_PRIME
Y	16168761	G	T	+	0	0	UTR_3_PRIME
Y	16168762	G	C	+	0	0	UTR_3_PRIME
Y	16168763	A	T	+	0	0	UTR_3_PRIME
Y	16168764	T	G	+	0	0	UTR_3_PRIME
Y	16168765	T	G	+	0	0	UTR_3_PRIME
Y	16168766	A	T	+	0	0	UTR_3_PRIME
Y	16168767	G	A	+	0	0	UTR_3_PRIME
Y	16168768	A	T	+	0	0	UTR_3_PRIME
Y	16168769	G	A	+	0	0	UTR_3_PRIME
Y	16168770	C	A	+	0	0	UTR_3_PRIME
Y	16168771	C	A	+	0	0	UTR_3_PRIME
Y	16168772	A	T	+	0	0	UTR_3_PRIME
Y	16168773	C	A	+	0	0	UTR_3_PRIME
Y	16168774	A	C	+	0	0	UTR_3_PRIME
Y	16168775	G	C	+	0	0	UTR_3_PRIME
Y	16168776	G	T	+	0	0	UTR_3_PRIME
Y	16168777	C	G	+	0	0	UTR_3_PRIME
Y	16168778	A	T	+	0	0	UTR_3_PRIME
Y	16168779	T	G	+	0	0	UTR_3_PRIME
Y	16168780	T	C	+	0	0	UTR_3_PRIME
Y	16168781	T	A	+	0	0	UTR_3_PRIME
Y	16168782	A	T	+	0	0	UTR_3_PRIME
Y	16168783	A	G	+	0	0	UTR_3_PRIME
Y	16168784	G	A	+	0	0	UTR_3_PRIME
Y	16168785	A	G	+	0	0	UTR_3_PRIME
Y	16168786	T	C	+	0	0	UTR_3_PRIME
Y	16168787	T	G	+	0	0	UTR_3_PRIME
Y	16168788	C	G	+	0	0	UTR_3_PRIME
Y	16168789	T	C	+	0	0	UTR_3_PRIME
Y	16168790	T	G	+	0	0	UTR_3_PRIME
Y	16168791	T	A	+	0	0	UTR_3_PRIME
Y	16168792	T	C	+	0	0	UTR_3_PRIME
Y	16168793	G	A	+	0	0	UTR_3_PRIME
Y	16168794	A	C	+	0	0	UTR_3_PRIME
Y	16168795	A	T	+	0	0	UTR_3_PRIME
Y	16168796	A	G	+	0	0	UTR_3_PRIME
Y	16168797	C	A	+	0	0	UTR_3_PRIME
Y	16168798	C	T	+	0	0	UTR_3_PRIME
Y	16168799	G	T	+	0	0	UTR_3_PRIME
Y	16168800	G	C	+	0	0	UTR_3_PRIME
Y	16168801	G	A	+	0	0	UTR_3_PRIME
Y	16168802	G	A	+	0	0	UTR_3_PRIME
Y	16168803	A	G	+	0	0	UTR_3_PRIME
Y	16168804	G	T	+	0	0	UTR_3_PRIME
Y	16168805	T	C	+	0	0	UTR_3_PRIME
Y	16168806	G	T	+	0	0	UTR_3_PRIME
Y	16168807	G	T	+	0	0	UTR_3_PRIME
Y	16168808	A	T	+	0	0	UTR_3_PRIME
Y	16168809	A	G	+	0	0	UTR_3_PRIME
Y	16168810	A	C	+	0	0	UTR_3_PRIME
Y	16168811	G	C	+	0	0	UTR_3_PRIME
Y	16168812	T	G	+	0	0	UTR_3_PRIME
Y	16168813	T	G	+	0	0	UTR_3_PRIME
Y	16168814	G	C	+	0	0	UTR_3_PRIME
Y	16168815	T	A	+	0	0	UTR_3_PRIME
Y	16168816	T	C	+	0	0	UTR_3_PRIME
Y	16168817	A	T	+	0	0	UTR_3_PRIME
Y	16168818	T	A	+	0	0	UTR_3_PRIME
Y	16168819	T	C	+	0	0	UTR_3_PRIME
Y	16168820	T	G	+	0	0	UTR_3_PRIME
Y	16168821	T	A	+	0	0	UTR_3_PRIME
Y	16168822	C	G	+	0	0	UTR_3_PRIME
Y	16168823	C	T	+	0	0	UTR_3_PRIME
Y	16168824	A	T	+	0	0	UTR_3_PRIME
Y	16168825	C	A	+	0	0	UTR_3_PRIME
Y	16168826	G	T	+	0	0	UTR_3_PRIME
Y	16168827	G	T	+	0	0	UTR_3_PRIME
Y	16168828	C	T	+	0	0	UTR_3_PRIME
Y	16168829	A	G	+	0	0	UTR_3_PRIME
Y	16168830	A	G	+	0	0	UTR_3_PRIME
Y	16168831	G	C	+	0	0	UTR_3_PRIME
Y	16168832	C	A	+	0	0	UTR_3_PRIME
Y	16168833	A	C	+	0	0	UTR_3_PRIME
Y	16168834	C	T	+	0	0	UTR_3_PRIME
Y	16168835	G	C	+	0	0	UTR_3_PRIME
Y	16168836	T	G	+	0	0	UTR_3_PRIME
Y	16168837	T	A	+	0	0	UTR_3_PRIME
Y	16168838	A	C	+	0	0	UTR_3_PRIME
