Y	16167997	*	+C/+C	+	0	0	UPSTREAM
Y	16167998	*	-G/-G	+	0	0	UPSTREAM
Y	16167999	*	+G/+G	+	0	0	UPSTREAM
Y	16168000	*	-C/-C	+	0	0	UPSTREAM
Y	16168001	*	+A/+A	+	0	0	UPSTREAM
Y	16168002	*	-T/-T	+	0	0	UPSTREAM
Y	16168003	*	+A/+A	+	0	0	UPSTREAM
Y	16168004	*	-G/-G	+	0	0	UPSTREAM
Y	16168005	*	+G/+G	+	0	0	UPSTREAM
Y	16168006	*	-G/-G	+	0	0	UPSTREAM
Y	16168007	*	+T/+T	+	0	0	UPSTREAM
Y	16168008	*	-T/-T	+	0	0	UPSTREAM
Y	16168009	*	+T/+T	+	0	0	UPSTREAM
Y	16168010	*	-G/-G	+	0	0	UPSTREAM
Y	16168011	*	+A/+A	+	0	0	UPSTREAM
Y	16168012	*	-A/-A	+	0	0	UPSTREAM
Y	16168013	*	+T/+T	+	0	0	UPSTREAM
Y	16168014	*	-G/-G	+	0	0	UPSTREAM
Y	16168015	*	+C/+C	+	0	0	UPSTREAM
Y	16168016	*	-C/-C	+	0	0	UPSTREAM
Y	16168017	*	+T/+T	+	0	0	UPSTREAM
Y	16168018	*	-A/-A	+	0	0	UPSTREAM
Y	16168019	*	+A/+A	+	0	0	UPSTREAM
Y	16168020	*	-G/-G	+	0	0	UPSTREAM
Y	16168021	*	+C/+C	+	0	0	UPSTREAM
Y	16168022	*	-G/-G	+	0	0	UPSTREAM
Y	16168023	*	+G/+G	+	0	0	UPSTREAM
Y	16168024	*	-C/-C	+	0	0	UPSTREAM
Y	16168025	*	+C/+C	+	0	0	UPSTREAM
Y	16168026	*	-C/-C	+	0	0	UPSTREAM
Y	16168027	*	+G/+G	+	0	0	UPSTREAM
Y	16168028	*	-C/-C	+	0	0	UPSTREAM
Y	16168029	*	+C/+C	+	0	0	UPSTREAM
Y	16168030	*	-T/-T	+	0	0	UPSTREAM
Y	16168031	*	+G/+G	+	0	0	UPSTREAM
Y	16168032	*	-C/-C	+	0	0	UPSTREAM
Y	16168033	*	+T/+T	+	0	0	UPSTREAM
Y	16168034	*	-T/-T	+	0	0	UPSTREAM
Y	16168035	*	+T/+T	+	0	0	UPSTREAM
Y	16168036	*	-A/-A	+	0	0	UPSTREAM
Y	16168037	*	+C/+C	+	0	0	UPSTREAM
Y	16168038	*	-A/-A	+	0	0	UPSTREAM
Y	16168039	*	+C/+C	+	0	0	UPSTREAM
Y	16168040	*	-A/-A	+	0	0	UPSTREAM
Y	16168041	*	+C/+C	+	0	0	UPSTREAM
Y	16168042	*	-G/-G	+	0	0	UPSTREAM
Y	16168043	*	+A/+A	+	0	0	UPSTREAM
Y	16168044	*	-T/-T	+	0	0	UPSTREAM
Y	16168045	*	+T/+T	+	0	0	UPSTREAM
Y	16168046	*	-C/-C	+	0	0	UPSTREAM
Y	16168047	*	+G/+G	+	0	0	UPSTREAM
Y	16168048	*	-T/-T	+	0	0	UPSTREAM
Y	16168049	*	+A/+A	+	0	0	UPSTREAM
Y	16168050	*	-A/-A	+	0	0	UPSTREAM
Y	16168051	*	+G/+G	+	0	0	UPSTREAM
Y	16168052	*	-T/-T	+	0	0	UPSTREAM
Y	16168053	*	+G/+G	+	0	0	UPSTREAM
Y	16168054	*	-A/-A	+	0	0	UPSTREAM
Y	16168055	*	+A/+A	+	0	0	UPSTREAM
Y	16168056	*	-G/-G	+	0	0	UPSTREAM
Y	16168057	*	+T/+T	+	0	0	UPSTREAM
Y	16168058	*	-A/-A	+	0	0	UPSTREAM
Y	16168059	*	+G/+G	+	0	0	UPSTREAM
Y	16168060	*	-T/-T	+	0	0	UPSTREAM
Y	16168061	*	+T/+T	+	0	0	UPSTREAM
Y	16168062	*	-A/-A	+	0	0	UPSTREAM
Y	16168063	*	+G/+G	+	0	0	UPSTREAM
Y	16168064	*	-T/-T	+	0	0	UPSTREAM
Y	16168065	*	+T/+T	+	0	0	UPSTREAM
Y	16168066	*	-C/-C	+	0	0	UPSTREAM
Y	16168067	*	+T/+T	+	0	0	UPSTREAM
Y	16168068	*	-G/-G	+	0	0	UPSTREAM
Y	16168069	*	+G/+G	+	0	0	UPSTREAM
Y	16168070	*	-C/-C	+	0	0	UPSTREAM
Y	16168071	*	+G/+G	+	0	0	UPSTREAM
Y	16168072	*	-T/-T	+	0	0	UPSTREAM
Y	16168073	*	+G/+G	+	0	0	UPSTREAM
Y	16168074	*	-G/-G	+	0	0	UPSTREAM
Y	16168075	*	+T/+T	+	0	0	UPSTREAM
Y	16168076	*	-G/-G	+	0	0	UPSTREAM
Y	16168077	*	+C/+C	+	0	0	UPSTREAM
Y	16168078	*	-C/-C	+	0	0	UPSTREAM
Y	16168079	*	+G/+G	+	0	0	UPSTREAM
Y	16168080	*	-G/-G	+	0	0	UPSTREAM
Y	16168081	*	+A/+A	+	0	0	UPSTREAM
Y	16168082	*	-T/-T	+	0	0	UPSTREAM
Y	16168083	*	+T/+T	+	0	0	UPSTREAM
Y	16168084	*	-C/-C	+	0	0	UPSTREAM
Y	16168085	*	+G/+G	+	0	0	UPSTREAM
Y	16168086	*	-A/-A	+	0	0	UPSTREAM
Y	16168087	*	+C/+C	+	0	0	UPSTREAM
Y	16168088	*	-T/-T	+	0	0	UPSTREAM
Y	16168089	*	+A/+A	+	0	0	UPSTREAM
Y	16168090	*	-G/-G	+	0	0	UPSTREAM
Y	16168091	*	+A/+A	+	0	0	UPSTREAM
Y	16168092	*	-T/-T	+	0	0	UPSTREAM
Y	16168093	*	+C/+C	+	0	0	UPSTREAM
Y	16168094	*	-A/-A	+	0	0	UPSTREAM
Y	16168095	*	+T/+T	+	0	0	UPSTREAM
Y	16168096	*	-G/-G	+	0	0	UPSTREAM
Y	16168097	*	+G/+G	+	0	0	UTR_5_PRIME
Y	16168098	*	-G/-G	+	0	0	UTR_5_PRIME
Y	16168099	*	+G/+G	+	0	0	UTR_5_PRIME
Y	16168100	*	-T/-T	+	0	0	UTR_5_PRIME
Y	16168101	*	+T/+T	+	0	0	UTR_5_PRIME
Y	16168102	*	-T/-T	+	0	0	UTR_5_PRIME
Y	16168103	*	+G/+G	+	0	0	UTR_5_PRIME
Y	16168104	*	-A/-A	+	0	0	UTR_5_PRIME
Y	16168105	*	+T/+T	+	0	0	UTR_5_PRIME
Y	16168106	*	-A/-A	+	0	0	UTR_5_PRIME
Y	16168107	*	+C/+C	+	0	0	UTR_5_PRIME
Y	16168108	*	-T/-T	+	0	0	UTR_5_PRIME
Y	16168109	*	+C/+C	+	0	0	UTR_5_PRIME
Y	16168110	*	-G/-G	+	0	0	UTR_5_PRIME
Y	16168111	*	+C/+C	+	0	0	UTR_5_PRIME
Y	16168112	*	-C/-C	+	0	0	UTR_5_PRIME
Y	16168113	*	+G/+G	+	0	0	UTR_5_PRIME
Y	16168114	*	-T/-T	+	0	0	UTR_5_PRIME
Y	16168115	*	+C/+C	+	0	0	UTR_5_PRIME
Y	16168116	*	-A/-A	+	0	0	UTR_5_PRIME
Y	16168117	*	+G/+G	+	0	0	UTR_5_PRIME
Y	16168118	*	-C/-C	+	0	0	UTR_5_PRIME
Y	16168119	*	+A/+A	+	0	0	UTR_5_PRIME
Y	16168120	*	-G/-G	+	0	0	UTR_5_PRIME
Y	16168121	*	+C/+C	+	0	0	UTR_5_PRIME
Y	16168122	*	-A/-A	+	0	0	UTR_5_PRIME
Y	16168123	*	+T/+T	+	0	0	UTR_5_PRIME
Y	16168124	*	-C/-C	+	0	0	UTR_5_PRIME
Y	16168125	*	+C/+C	+	0	0	UTR_5_PRIME
Y	16168126	*	-T/-T	+	0	0	UTR_5_PRIME
Y	16168127	*	+C/+C	+	0	0	UTR_5_PRIME
Y	16168128	*	-T/-T	+	0	0	UTR_5_PRIME
Y	16168129	*	+A/+A	+	0	0	UTR_5_PRIME
Y	16168130	*	-C/-C	+	0	0	UTR_5_PRIME
Y	16168131	*	+G/+G	+	0	0	UTR_5_PRIME
Y	16168132	*	-G/-G	+	0	0	UTR_5_PRIME
Y	16168133	*	+C/+C	+	0	0	UTR_5_PRIME
Y	16168134	*	-C/-C	+	0	0	UTR_5_PRIME
Y	16168135	*	+G/+G	+	0	0	UTR_5_PRIME
Y	16168136	*	-T/-T	+	0	0	UTR_5_PRIME
Y	16168137	*	+A/+A	+	0	0	UTR_5_PRIME
Y	16168138	*	-G/-G	+	0	0	UTR_5_PRIME
Y	16168139	*	+T/+T	+	0	0	UTR_5_PRIME
Y	16168140	*	-G/-G	+	0	0	UTR_5_PRIME
Y	16168141	*	+C/+C	+	0	0	UTR_5_PRIME
Y	16168142	*	-A/-A	+	0	0	UTR_5_PRIME
Y	16168143	*	+T/+T	+	0	0	UTR_5_PRIME
Y	16168144	*	-G/-G	+	0	0	UTR_5_PRIME
Y	16168145	*	+T/+T	+	0	0	UTR_5_PRIME
Y	16168146	*	-C/-C	+	0	0	UTR_5_PRIME
Y	16168147	*	+G/+G	+	0	0	UTR_5_PRIME
Y	16168148	*	-C/-C	+	0	0	UTR_5_PRIME
Y	16168149	*	+A/+A	+	0	0	UTR_5_PRIME
Y	16168150	*	-G/-G	+	0	0	UTR_5_PRIME
Y	16168151	*	+G/+G	+	0	0	UTR_5_PRIME
Y	16168152	*	-A/-A	+	0	0	UTR_5_PRIME
Y	16168153	*	+C/+C	+	0	0	UTR_5_PRIME
Y	16168154	*	-G/-G	+	0	0	UTR_5_PRIME
Y	16168155	*	+T/+T	+	0	0	UTR_5_PRIME
Y	16168156	*	-C/-C	+	0	0	UTR_5_PRIME
Y	16168157	*	+T/+T	+	0	0	UTR_5_PRIME
Y	16168158	*	-G/-G	+	0	0	UTR_5_PRIME
Y	16168159	*	+T/+T	+	0	0	UTR_5_PRIME
Y	16168160	*	-A/-A	+	0	0	UTR_5_PRIME
Y	16168161	*	+T/+T	+	0	0	UTR_5_PRIME
Y	16168162	*	-G/-G	+	0	0	UTR_5_PRIME
Y	16168163	*	+C/+C	+	0	0	UTR_5_PRIME
Y	16168164	*	-A/-A	+	0	0	UTR_5_PRIME
Y	16168165	*	+T/+T	+	0	0	UTR_5_PRIME
Y	16168166	*	-G/-G	+	0	0	UTR_5_PRIME
Y	16168167	*	+G/+G	+	0	0	UTR_5_PRIME
Y	16168168	*	-A/-A	+	0	0	UTR_5_PRIME
Y	16168169	*	+T/+T	+	0	0	UTR_5_PRIME
Y	16168170	*	-G/-G	+	0	0	FRAME_SHIFT
Y	16168171	*	+C/+C	+	0	0	FRAME_SHIFT
Y	16168172	*	-T/-T	+	0	0	FRAME_SHIFT
Y	16168173	*	+A/+A	+	0	0	FRAME_SHIFT
Y	16168174	*	-A/-A	+	0	0	FRAME_SHIFT
Y	16168175	*	+G/+G	+	0	0	FRAME_SHIFT
Y	16168176	*	-G/-G	+	0	0	FRAME_SHIFT
Y	16168177	*	+T/+T	+	0	0	FRAME_SHIFT
Y	16168178	*	-G/-G	+	0	0	FRAME_SHIFT
Y	16168179	*	+A/+A	+	0	0	FRAME_SHIFT
Y	16168180	*	-C/-C	+	0	0	FRAME_SHIFT
Y	16168181	*	+C/+C	+	0	0	FRAME_SHIFT
Y	16168182	*	-T/-T	+	0	0	FRAME_SHIFT
Y	16168183	*	+G/+G	+	0	0	FRAME_SHIFT
Y	16168184	*	-A/-A	+	0	0	FRAME_SHIFT
Y	16168185	*	+T/+T	+	0	0	FRAME_SHIFT
Y	16168186	*	-T/-T	+	0	0	FRAME_SHIFT
Y	16168187	*	+C/+C	+	0	0	FRAME_SHIFT
Y	16168188	*	-T/-T	+	0	0	FRAME_SHIFT
Y	16168189	*	+C/+C	+	0	0	FRAME_SHIFT
Y	16168190	*	-T/-T	+	0	0	FRAME_SHIFT
Y	16168191	*	+A/+A	+	0	0	FRAME_SHIFT
Y	16168192	*	-G/-G	+	0	0	FRAME_SHIFT
Y	16168193	*	+A/+A	+	0	0	FRAME_SHIFT
Y	16168194	*	-A/-A	+	0	0	FRAME_SHIFT
Y	16168195	*	+T/+T	+	0	0	FRAME_SHIFT
Y	16168196	*	-T/-T	+	0	0	FRAME_SHIFT
Y	16168197	*	+C/+C	+	0	0	FRAME_SHIFT
Y	16168198	*	-A/-A	+	0	0	FRAME_SHIFT
Y	16168199	*	+A/+A	+	0	0	FRAME_SHIFT
Y	16168200	*	-T/-T	+	0	0	FRAME_SHIFT
Y	16168201	*	+T/+T	+	0	0	FRAME_SHIFT
Y	16168202	*	-G/-G	+	0	0	FRAME_SHIFT
Y	16168203	*	+G/+G	+	0	0	FRAME_SHIFT
Y	16168204	*	-C/-C	+	0	0	FRAME_SHIFT
Y	16168205	*	+G/+G	+	0	0	FRAME_SHIFT
Y	16168206	*	-G/-G	+	0	0	FRAME_SHIFT
Y	16168207	*	+T/+T	+	0	0	FRAME_SHIFT
Y	16168208	*	-A/-A	+	0	0	FRAME_SHIFT
Y	16168209	*	+T/+T	+	0	0	FRAME_SHIFT
Y	16168210	*	-G/-G	+	0	0	FRAME_SHIFT
Y	16168211	*	+T/+T	+	0	0	FRAME_SHIFT
Y	16168212	*	-C/-C	+	0	0	FRAME_SHIFT
Y	16168213	*	+C/+C	+	0	0	FRAME_SHIFT
Y	16168214	*	-C/-C	+	0	0	FRAME_SHIFT
Y	16168215	*	+G/+G	+	0	0	FRAME_SHIFT
Y	16168216	*	-C/-C	+	0	0	FRAME_SHIFT
Y	16168217	*	+T/+T	+	0	0	FRAME_SHIFT
Y	16168218	*	-T/-T	+	0	0	FRAME_SHIFT
Y	16168219	*	+A/+A	+	0	0	FRAME_SHIFT
Y	16168220	*	-A/-A	+	0	0	FRAME_SHIFT
Y	16168221	*	+C/+C	+	0	0	FRAME_SHIFT
Y	16168222	*	-G/-G	+	0	0	FRAME_SHIFT
Y	16168223	*	+T/+T	+	0	0	FRAME_SHIFT
Y	16168224	*	-G/-G	+	0	0	FRAME_SHIFT
Y	16168225	*	+C/+C	+	0	0	FRAME_SHIFT
Y	16168226	*	-G/-G	+	0	0	FRAME_SHIFT
Y	16168227	*	+C/+C	+	0	0	FRAME_SHIFT
Y	16168228	*	-G/-G	+	0	0	FRAME_SHIFT
Y	16168229	*	+C/+C	+	0	0	FRAME_SHIFT
Y	16168230	*	-T/-T	+	0	0	FRAME_SHIFT
Y	16168231	*	+G/+G	+	0	0	FRAME_SHIFT
Y	16168232	*	-G/-G	+	0	0	FRAME_SHIFT
Y	16168233	*	+A/+A	+	0	0	FRAME_SHIFT
Y	16168234	*	-A/-A	+	0	0	FRAME_SHIFT
Y	16168235	*	+T/+T	+	0	0	FRAME_SHIFT
Y	16168236	*	-A/-A	+	0	0	FRAME_SHIFT
Y	16168237	*	+A/+A	+	0	0	FRAME_SHIFT
Y	16168238	*	-T/-T	+	0	0	FRAME_SHIFT
Y	16168239	*	+G/+G	+	0	0	FRAME_SHIFT
Y	16168240	*	-G/-G	+	0	0	FRAME_SHIFT
Y	16168241	*	+G/+G	+	0	0	FRAME_SHIFT
Y	16168242	*	-G/-G	+	0	0	FRAME_SHIFT
Y	16168243	*	+T/+T	+	0	0	FRAME_SHIFT
Y	16168244	*	-T/-T	+	0	0	FRAME_SHIFT
Y	16168245	*	+A/+A	+	0	0	FRAME_SHIFT
Y	16168246	*	-C/-C	+	0	0	FRAME_SHIFT
Y	16168247	*	+A/+A	+	0	0	FRAME_SHIFT
Y	16168248	*	-G/-G	+	0	0	FRAME_SHIFT
Y	16168249	*	+A/+A	+	0	0	FRAME_SHIFT
Y	16168250	*	-C/-C	+	0	0	FRAME_SHIFT
Y	16168251	*	+A/+A	+	0	0	FRAME_SHIFT
Y	16168252	*	-A/-A	+	0	0	FRAME_SHIFT
Y	16168253	*	+A/+A	+	0	0	FRAME_SHIFT
Y	16168254	*	-G/-G	+	0	0	FRAME_SHIFT
Y	16168255	*	+G/+G	+	0	0	FRAME_SHIFT
Y	16168256	*	-C/-C	+	0	0	FRAME_SHIFT
Y	16168257	*	+G/+G	+	0	0	FRAME_SHIFT
Y	16168258	*	-A/-A	+	0	0	FRAME_SHIFT
Y	16168259	*	+G/+G	+	0	0	FRAME_SHIFT
Y	16168260	*	-T/-T	+	0	0	FRAME_SHIFT
Y	16168261	*	+C/+C	+	0	0	FRAME_SHIFT
Y	16168262	*	-T/-T	+	0	0	FRAME_SHIFT
Y	16168263	*	+A/+A	+	0	0	FRAME_SHIFT
Y	16168264	*	-A/-A	+	0	0	FRAME_SHIFT
Y	16168265	*	+A/+A	+	0	0	FRAME_SHIFT
Y	16168266	*	-A/-A	+	0	0	FRAME_SHIFT
Y	16168267	*	+G/+G	+	0	0	FRAME_SHIFT
Y	16168268	*	-A/-A	+	0	0	FRAME_SHIFT
Y	16168269	*	+A/+A	+	0	0	FRAME_SHIFT
Y	16168270	*	-A/-A	+	0	0	FRAME_SHIFT
Y	16168271	*	+T/+T	+	0	0	FRAME_SHIFT
Y	16168272	*	-A/-A	+	0	0	INTRON
Y	16168273	*	+G/+G	+	0	0	INTRON
Y	16168274	*	-T/-T	+	0	0	INTRON
Y	16168275	*	+C/+C	+	0	0	INTRON
Y	16168276	*	-T/-T	+	0	0	INTRON
Y	16168277	*	+C/+C	+	0	0	INTRON
Y	16168278	*	-T/-T	+	0	0	INTRON
Y	16168279	*	+C/+C	+	0	0	INTRON
Y	16168280	*	-T/-T	+	0	0	INTRON
Y	16168281	*	+T/+T	+	0	0	INTRON
Y	16168282	*	-A/-A	+	0	0	INTRON
Y	16168283	*	+A/+A	+	0	0	INTRON
Y	16168284	*	-G/-G	+	0	0	INTRON
Y	16168285	*	+G/+G	+	0	0	INTRON
Y	16168286	*	-A/-A	+	0	0	INTRON
Y	16168287	*	+A/+A	+	0	0	INTRON
Y	16168288	*	-C/-C	+	0	0	INTRON
Y	16168289	*	+G/+G	+	0	0	INTRON
Y	16168290	*	-C/-C	+	0	0	INTRON
Y	16168291	*	+C/+C	+	0	0	INTRON
Y	16168292	*	-T/-T	+	0	0	INTRON
Y	16168293	*	+C/+C	+	0	0	INTRON
Y	16168294	*	-G/-G	+	0	0	INTRON
Y	16168295	*	+T/+T	+	0	0	INTRON
Y	16168296	*	-G/-G	+	0	0	INTRON
Y	16168297	*	+A/+A	+	0	0	INTRON
Y	16168298	*	-A/-A	+	0	0	INTRON
Y	16168299	*	+T/+T	+	0	0	INTRON
Y	16168300	*	-T/-T	+	0	0	INTRON
Y	16168301	*	+A/+A	+	0	0	INTRON
Y	16168302	*	-T/-T	+	0	0	INTRON
Y	16168303	*	+A/+A	+	0	0	INTRON
Y	16168304	*	-C/-C	+	0	0	INTRON
Y	16168305	*	+C/+C	+	0	0	INTRON
Y	16168306	*	-C/-C	+	0	0	INTRON
Y	16168307	*	+T/+T	+	0	0	INTRON
Y	16168308	*	-C/-C	+	0	0	INTRON
Y	16168309	*	+A/+A	+	0	0	INTRON
Y	16168310	*	-A/-A	+	0	0	INTRON
Y	16168311	*	+C/+C	+	0	0	INTRON
Y	16168312	*	-A/-A	+	0	0	INTRON
Y	16168313	*	+C/+C	+	0	0	INTRON
Y	16168314	*	-G/-G	+	0	0	INTRON
Y	16168315	*	+A/+A	+	0	0	INTRON
Y	16168316	*	-T/-T	+	0	0	INTRON
Y	16168317	*	+T/+T	+	0	0	INTRON
Y	16168318	*	-A/-A	+	0	0	INTRON
Y	16168319	*	+G/+G	+	0	0	INTRON
Y	16168320	*	-G/-G	+	0	0	INTRON
Y	16168321	*	+G/+G	+	0	0	INTRON
Y	16168322	*	-C/-C	+	0	0	INTRON
Y	16168323	*	+T/+T	+	0	0	INTRON
Y	16168324	*	-T/-T	+	0	0	INTRON
Y	16168325	*	+T/+T	+	0	0	INTRON
Y	16168326	*	-A/-A	+	0	0	INTRON
Y	16168327	*	+G/+G	+	0	0	INTRON
Y	16168328	*	-A/-A	+	0	0	INTRON
Y	16168329	*	+C/+C	+	0	0	INTRON
Y	16168330	*	-A/-A	+	0	0	INTRON
Y	16168331	*	+C/+C	+	0	0	INTRON
Y	16168332	*	-G/-G	+	0	0	INTRON
Y	16168333	*	+T/+T	+	0	0	INTRON
Y	16168334	*	-T/-T	+	0	0	INTRON
Y	16168335	*	+A/+A	+	0	0	INTRON
Y	16168336	*	-A/-A	+	0	0	INTRON
Y	16168337	*	+G/+G	+	0	0	INTRON
Y	16168338	*	-C/-C	+	0	0	INTRON
Y	16168339	*	+G/+G	+	0	0	INTRON
Y	16168340	*	-C/-C	+	0	0	INTRON
Y	16168341	*	+G/+G	+	0	0	INTRON
Y	16168342	*	-A/-A	+	0	0	INTRON
Y	16168343	*	+C/+C	+	0	0	INTRON
Y	16168344	*	-C/-C	+	0	0	INTRON
Y	16168345	*	+T/+T	+	0	0	INTRON
Y	16168346	*	-C/-C	+	0	0	INTRON
Y	16168347	*	+A/+A	+	0	0	INTRON
Y	16168348	*	-G/-G	+	0	0	INTRON
Y	16168349	*	+A/+A	+	0	0	INTRON
Y	16168350	*	-C/-C	+	0	0	INTRON
Y	16168351	*	+C/+C	+	0	0	INTRON
Y	16168352	*	-C/-C	+	0	0	INTRON
Y	16168353	*	+A/+A	+	0	0	INTRON
Y	16168354	*	-C/-C	+	0	0	INTRON
Y	16168355	*	+A/+A	+	0	0	INTRON
Y	16168356	*	-A/-A	+	0	0	INTRON
Y	16168357	*	+C/+C	+	0	0	INTRON
Y	16168358	*	-T/-T	+	0	0	INTRON
Y	16168359	*	+C/+C	+	0	0	INTRON
Y	16168360	*	-A/-A	+	0	0	INTRON
Y	16168361	*	+A/+A	+	0	0	INTRON
Y	16168362	*	-C/-C	+	0	0	INTRON
Y	16168363	*	+G/+G	+	0	0	INTRON
Y	16168364	*	-C/-C	+	0	0	INTRON
Y	16168364	*	+G/+G	+	0	0	INTRON
Y	16168365	*	-T/-T	+	0	0	INTRON
Y	16168365	*	+T/+T	+	0	0	INTRON
Y	16168366	*	-A/-A	+	0	0	INTRON
Y	16168366	*	+C/+C	+	0	0	INTRON
Y	16168367	*	-G/-G	+	0	0	INTRON
Y	16168367	*	+C/+C	+	0	0	INTRON
Y	16168368	*	-C/-C	+	0	0	INTRON
Y	16168368	*	+G/+G	+	0	0	INTRON
Y	16168369	*	-C/-C	+	0	0	INTRON
Y	16168369	*	+C/+C	+	0	0	INTRON
Y	16168370	*	-G/-G	+	0	0	INTRON
Y	16168370	*	+A/+A	+	0	0	INTRON
Y	16168371	*	-T/-T	+	0	0	INTRON
Y	16168371	*	+C/+C	+	0	0	INTRON
Y	16168372	*	-T/-T	+	0	0	INTRON
Y	16168373	*	+T/+T	+	0	0	INTRON
Y	16168374	*	-C/-C	+	0	0	INTRON
Y	16168375	*	+A/+A	+	0	0	INTRON
Y	16168376	*	-C/-C	+	0	0	INTRON
Y	16168377	*	+T/+T	+	0	0	INTRON
Y	16168378	*	-A/-A	+	0	0	INTRON
Y	16168379	*	+A/+A	+	0	0	INTRON
Y	16168380	*	-A/-A	+	0	0	INTRON
Y	16168381	*	+A/+A	+	0	0	INTRON
Y	16168382	*	-A/-A	+	0	0	INTRON
Y	16168383	*	+T/+T	+	0	0	INTRON
Y	16168384	*	-A/-A	+	0	0	INTRON
Y	16168385	*	+A/+A	+	0	0	INTRON
Y	16168386	*	-G/-G	+	0	0	INTRON
Y	16168387	*	+G/+G	+	0	0	INTRON
Y	16168388	*	-A/-A	+	0	0	INTRON
Y	16168389	*	+G/+G	+	0	0	INTRON
Y	16168390	*	-G/-G	+	0	0	INTRON
Y	16168391	*	+A/+A	+	0	0	INTRON
Y	16168392	*	-G/-G	+	0	0	INTRON
Y	16168393	*	+G/+G	+	0	0	INTRON
Y	16168394	*	-G/-G	+	0	0	INTRON
Y	16168395	*	+T/+T	+	0	0	INTRON
Y	16168396	*	-G/-G	+	0	0	INTRON
Y	16168397	*	+G/+G	+	0	0	INTRON
Y	16168398	*	-A/-A	+	0	0	INTRON
Y	16168399	*	+C/+C	+	0	0	INTRON
Y	16168400	*	-A/-A	+	0	0	INTRON
Y	16168401	*	+C/+C	+	0	0	INTRON
Y	16168402	*	-C/-C	+	0	0	INTRON
Y	16168403	*	+A/+A	+	0	0	INTRON
Y	16168404	*	-A/-A	+	0	0	INTRON
Y	16168405	*	+A/+A	+	0	0	INTRON
Y	16168406	*	-G/-G	+	0	0	INTRON
Y	16168407	*	+C/+C	+	0	0	INTRON
Y	16168408	*	-T/-T	+	0	0	INTRON
Y	16168409	*	+G/+G	+	0	0	INTRON
Y	16168410	*	-C/-C	+	0	0	INTRON
Y	16168411	*	+T/+T	+	0	0	INTRON
Y	16168412	*	-G/-G	+	0	0	INTRON
Y	16168413	*	+T/+T	+	0	0	INTRON
Y	16168414	*	-G/-G	+	0	0	INTRON
Y	16168415	*	+C/+C	+	0	0	INTRON
Y	16168416	*	-G/-G	+	0	0	INTRON
Y	16168417	*	+T/+T	+	0	0	INTRON
Y	16168418	*	-C/-C	+	0	0	INTRON
Y	16168419	*	+C/+C	+	0	0	INTRON
Y	16168420	*	-T/-T	+	0	0	INTRON
Y	16168421	*	+G/+G	+	0	0	INTRON
Y	16168422	*	-T/-T	+	0	0	INTRON
Y	16168423	*	+C/+C	+	0	0	INTRON
Y	16168424	*	-G/-G	+	0	0	INTRON
Y	16168425	*	+T/+T	+	0	0	INTRON
Y	16168426	*	-A/-A	+	0	0	INTRON
Y	16168427	*	+C/+C	+	0	0	INTRON
Y	16168428	*	-G/-G	+	0	0	INTRON
Y	16168429	*	+A/+A	+	0	0	INTRON
Y	16168430	*	-C/-C	+	0	0	INTRON
Y	16168431	*	+G/+G	+	0	0	INTRON
Y	16168432	*	-C/-C	+	0	0	INTRON
Y	16168433	*	+A/+A	+	0	0	INTRON
Y	16168434	*	-A/-A	+	0	0	INTRON
Y	16168435	*	+G/+G	+	0	0	INTRON
Y	16168436	*	-T/-T	+	0	0	INTRON
Y	16168437	*	+A/+A	+	0	0	INTRON
Y	16168438	*	-T/-T	+	0	0	INTRON
Y	16168439	*	+T/+T	+	0	0	INTRON
Y	16168440	*	-G/-G	+	0	0	INTRON
Y	16168441	*	+A/+A	+	0	0	INTRON
Y	16168442	*	-T/-T	+	0	0	INTRON
Y	16168443	*	+T/+T	+	0	0	INTRON
Y	16168444	*	-T/-T	+	0	0	INTRON
Y	16168445	*	+T/+T	+	0	0	INTRON
Y	16168446	*	-C/-C	+	0	0	INTRON
Y	16168447	*	+C/+C	+	0	0	INTRON
Y	16168448	*	-T/-T	+	0	0	INTRON
Y	16168449	*	+T/+T	+	0	0	INTRON
Y	16168450	*	-A/-A	+	0	0	INTRON
Y	16168451	*	+G/+G	+	0	0	INTRON
Y	16168452	*	-C/-C	+	0	0	INTRON
Y	16168453	*	+G/+G	+	0	0	INTRON
Y	16168454	*	-A/-A	+	0	0	INTRON
Y	16168455	*	+A/+A	+	0	0	INTRON
Y	16168456	*	-T/-T	+	0	0	INTRON
Y	16168457	*	+T/+T	+	0	0	INTRON
Y	16168458	*	-A/-A	+	0	0	INTRON
Y	16168459	*	+T/+T	+	0	0	INTRON
Y	16168460	*	-T/-T	+	0	0	INTRON
Y	16168461	*	+A/+A	+	0	0	INTRON
Y	16168462	*	-T/-T	+	0	0	INTRON
Y	16168463	*	+A/+A	+	0	0	INTRON
Y	16168464	*	-C/-C	+	0	0	FRAME_SHIFT
Y	16168465	*	+T/+T	+	0	0	FRAME_SHIFT
Y	16168466	*	-C/-C	+	0	0	FRAME_SHIFT
Y	16168467	*	+G/+G	+	0	0	FRAME_SHIFT
Y	16168468	*	-C/-C	+	0	0	FRAME_SHIFT
Y	16168469	*	+T/+T	+	0	0	FRAME_SHIFT
Y	16168470	*	-A/-A	+	0	0	FRAME_SHIFT
Y	16168471	*	+C/+C	+	0	0	FRAME_SHIFT
Y	16168472	*	-A/-A	+	0	0	FRAME_SHIFT
Y	16168473	*	+C/+C	+	0	0	FRAME_SHIFT
Y	16168474	*	-T/-T	+	0	0	FRAME_SHIFT
Y	16168475	*	+T/+T	+	0	0	FRAME_SHIFT
Y	16168476	*	-G/-G	+	0	0	FRAME_SHIFT
Y	16168477	*	+G/+G	+	0	0	FRAME_SHIFT
Y	16168478	*	-C/-C	+	0	0	FRAME_SHIFT
Y	16168479	*	+G/+G	+	0	0	FRAME_SHIFT
Y	16168480	*	-C/-C	+	0	0	FRAME_SHIFT
Y	16168481	*	+A/+A	+	0	0	FRAME_SHIFT
Y	16168482	*	-T/-T	+	0	0	FRAME_SHIFT
Y	16168483	*	+C/+C	+	0	0	FRAME_SHIFT
Y	16168484	*	-C/-C	+	0	0	FRAME_SHIFT
Y	16168485	*	+G/+G	+	0	0	FRAME_SHIFT
Y	16168486	*	-A/-A	+	0	0	FRAME_SHIFT
Y	16168487	*	+C/+C	+	0	0	FRAME_SHIFT
Y	16168488	*	-C/-C	+	0	0	FRAME_SHIFT
Y	16168489	*	+G/+G	+	0	0	FRAME_SHIFT
Y	16168490	*	-C/-C	+	0	0	FRAME_SHIFT
Y	16168491	*	+A/+A	+	0	0	FRAME_SHIFT
Y	16168492	*	-G/-G	+	0	0	FRAME_SHIFT
Y	16168493	*	+T/+T	+	0	0	FRAME_SHIFT
Y	16168494	*	-G/-G	+	0	0	FRAME_SHIFT
Y	16168495	*	+G/+G	+	0	0	FRAME_SHIFT
Y	16168496	*	-T/-T	+	0	0	FRAME_SHIFT
Y	16168497	*	+T/+T	+	0	0	FRAME_SHIFT
Y	16168498	*	-C/-C	+	0	0	FRAME_SHIFT
Y	16168499	*	+G/+G	+	0	0	FRAME_SHIFT
Y	16168500	*	-A/-A	+	0	0	FRAME_SHIFT
Y	16168501	*	+G/+G	+	0	0	FRAME_SHIFT
Y	16168502	*	-T/-T	+	0	0	FRAME_SHIFT
Y	16168503	*	+T/+T	+	0	0	FRAME_SHIFT
Y	16168504	*	-A/-A	+	0	0	FRAME_SHIFT
Y	16168505	*	+A/+A	+	0	0	FRAME_SHIFT
Y	16168506	*	-C/-C	+	0	0	FRAME_SHIFT
Y	16168507	*	+G/+G	+	0	0	FRAME_SHIFT
Y	16168508	*	-G/-G	+	0	0	FRAME_SHIFT
Y	16168509	*	+C/+C	+	0	0	FRAME_SHIFT
Y	16168510	*	-C/-C	+	0	0	FRAME_SHIFT
Y	16168511	*	+A/+A	+	0	0	FRAME_SHIFT
Y	16168512	*	-G/-G	+	0	0	FRAME_SHIFT
Y	16168513	*	+G/+G	+	0	0	FRAME_SHIFT
Y	16168514	*	-C/-C	+	0	0	FRAME_SHIFT
Y	16168515	*	+A/+A	+	0	0	FRAME_SHIFT
Y	16168516	*	-T/-T	+	0	0	FRAME_SHIFT
Y	16168517	*	+A/+A	+	0	0	FRAME_SHIFT
Y	16168518	*	-A/-A	+	0	0	FRAME_SHIFT
Y	16168519	*	+T/+T	+	0	0	FRAME_SHIFT
Y	16168520	*	-G/-G	+	0	0	FRAME_SHIFT
Y	16168521	*	+T/+T	+	0	0	FRAME_SHIFT
Y	16168522	*	-A/-A	+	0	0	FRAME_SHIFT
Y	16168523	*	+A/+A	+	0	0	FRAME_SHIFT
Y	16168524	*	-A/-A	+	0	0	FRAME_SHIFT
Y	16168525	*	+C/+C	+	0	0	FRAME_SHIFT
Y	16168526	*	-T/-T	+	0	0	FRAME_SHIFT
Y	16168527	*	+C/+C	+	0	0	FRAME_SHIFT
Y	16168528	*	-T/-T	+	0	0	FRAME_SHIFT
Y	16168529	*	+A/+A	+	0	0	FRAME_SHIFT
Y	16168530	*	-C/-C	+	0	0	FRAME_SHIFT
Y	16168531	*	+C/+C	+	0	0	FRAME_SHIFT
Y	16168532	*	-C/-C	+	0	0	FRAME_SHIFT
Y	16168533	*	+A/+A	+	0	0	FRAME_SHIFT
Y	16168534	*	-G/-G	+	0	0	FRAME_SHIFT
Y	16168535	*	+G/+G	+	0	0	FRAME_SHIFT
Y	16168536	*	-A/-A	+	0	0	FRAME_SHIFT
Y	16168537	*	+A/+A	+	0	0	FRAME_SHIFT
Y	16168538	*	-A/-A	+	0	0	FRAME_SHIFT
Y	16168539	*	+C/+C	+	0	0	FRAME_SHIFT
Y	16168540	*	-T/-T	+	0	0	FRAME_SHIFT
Y	16168541	*	+T/+T	+	0	0	FRAME_SHIFT
Y	16168542	*	-A/-A	+	0	0	FRAME_SHIFT
Y	16168543	*	+G/+G	+	0	0	FRAME_SHIFT
Y	16168544	*	-C/-C	+	0	0	FRAME_SHIFT
Y	16168545	*	+G/+G	+	0	0	FRAME_SHIFT
Y	16168546	*	-A/-A	+	0	0	FRAME_SHIFT
Y	16168547	*	+T/+T	+	0	0	FRAME_SHIFT
Y	16168548	*	-T/-T	+	0	0	FRAME_SHIFT
Y	16168549	*	+C/+C	+	0	0	FRAME_SHIFT
Y	16168550	*	-C/-C	+	0	0	FRAME_SHIFT
Y	16168551	*	+T/+T	+	0	0	FRAME_SHIFT
Y	16168552	*	-G/-G	+	0	0	FRAME_SHIFT
Y	16168553	*	+G/+G	+	0	0	FRAME_SHIFT
Y	16168554	*	-G/-G	+	0	0	FRAME_SHIFT
Y	16168555	*	+A/+A	+	0	0	FRAME_SHIFT
Y	16168556	*	-T/-T	+	0	0	FRAME_SHIFT
Y	16168557	*	+G/+G	+	0	0	FRAME_SHIFT
Y	16168558	*	-T/-T	+	0	0	FRAME_SHIFT
Y	16168559	*	+C/+C	+	0	0	FRAME_SHIFT
Y	16168560	*	-G/-G	+	0	0	FRAME_SHIFT
Y	16168561	*	+T/+T	+	0	0	FRAME_SHIFT
Y	16168562	*	-C/-C	+	0	0	FRAME_SHIFT
Y	16168563	*	+C/+C	+	0	0	FRAME_SHIFT
Y	16168564	*	-C/-C	+	0	0	FRAME_SHIFT
Y	16168565	*	+C/+C	+	0	0	FRAME_SHIFT
Y	16168566	*	-A/-A	+	0	0	FRAME_SHIFT
Y	16168567	*	+A/+A	+	0	0	FRAME_SHIFT
Y	16168568	*	-T/-T	+	0	0	FRAME_SHIFT
Y	16168569	*	+G/+G	+	0	0	FRAME_SHIFT
Y	16168570	*	-T/-T	+	0	0	FRAME_SHIFT
Y	16168571	*	+G/+G	+	0	0	FRAME_SHIFT
Y	16168572	*	-G/-G	+	0	0	FRAME_SHIFT
Y	16168573	*	+C/+C	+	0	0	FRAME_SHIFT
Y	16168574	*	-C/-C	+	0	0	FRAME_SHIFT
Y	16168575	*	+G/+G	+	0	0	FRAME_SHIFT
Y	16168576	*	-A/-A	+	0	0	FRAME_SHIFT
Y	16168577	*	+C/+C	+	0	0	FRAME_SHIFT
Y	16168578	*	-T/-T	+	0	0	FRAME_SHIFT
Y	16168579	*	+T/+T	+	0	0	FRAME_SHIFT
Y	16168580	*	-C/-C	+	0	0	FRAME_SHIFT
Y	16168581	*	+A/+A	+	0	0	FRAME_SHIFT
Y	16168582	*	-T/-T	+	0	0	FRAME_SHIFT
Y	16168583	*	+C/+C	+	0	0	FRAME_SHIFT
Y	16168584	*	-T/-T	+	0	0	FRAME_SHIFT
Y	16168585	*	+T/+T	+	0	0	FRAME_SHIFT
Y	16168586	*	-C/-C	+	0	0	FRAME_SHIFT
Y	16168587	*	+G/+G	+	0	0	FRAME_SHIFT
Y	16168588	*	-T/-T	+	0	0	FRAME_SHIFT
Y	16168589	*	+A/+A	+	0	0	FRAME_SHIFT
Y	16168590	*	-T/-T	+	0	0	FRAME_SHIFT
Y	16168591	*	+A/+A	+	0	0	FRAME_SHIFT
Y	16168592	*	-A/-A	+	0	0	FRAME_SHIFT
Y	16168593	*	+A/+A	+	0	0	FRAME_SHIFT
Y	16168594	*	-C/-C	+	0	0	FRAME_SHIFT
Y	16168595	*	+A/+A	+	0	0	FRAME_SHIFT
Y	16168596	*	-C/-C	+	0	0	FRAME_SHIFT
Y	16168597	*	+C/+C	+	0	0	FRAME_SHIFT
Y	16168598	*	-T/-T	+	0	0	FRAME_SHIFT
Y	16168599	*	+T/+T	+	0	0	FRAME_SHIFT
Y	16168600	*	-C/-C	+	0	0	FRAME_SHIFT
Y	16168601	*	+G/+G	+	0	0	FRAME_SHIFT
Y	16168602	*	-A/-A	+	0	0	FRAME_SHIFT
Y	16168603	*	+G/+G	+	0	0	FRAME_SHIFT
Y	16168604	*	-T/-T	+	0	0	FRAME_SHIFT
Y	16168605	*	+T/+T	+	0	0	FRAME_SHIFT
Y	16168606	*	-G/-G	+	0	0	FRAME_SHIFT
Y	16168607	*	+C/+C	+	0	0	FRAME_SHIFT
Y	16168608	*	-G/-G	+	0	0	FRAME_SHIFT
Y	16168609	*	+A/+A	+	0	0	FRAME_SHIFT
Y	16168610	*	-C/-C	+	0	0	FRAME_SHIFT
Y	16168611	*	+T/+T	+	0	0	FRAME_SHIFT
Y	16168612	*	-C/-C	+	0	0	FRAME_SHIFT
Y	16168613	*	+C/+C	+	0	0	FRAME_SHIFT
Y	16168614	*	-G/-G	+	0	0	FRAME_SHIFT
Y	16168615	*	+G/+G	+	0	0	FRAME_SHIFT
Y	16168616	*	-G/-G	+	0	0	FRAME_SHIFT
Y	16168617	*	+A/+A	+	0	0	FRAME_SHIFT
Y	16168618	*	-T/-T	+	0	0	FRAME_SHIFT
Y	16168619	*	+C/+C	+	0	0	FRAME_SHIFT
Y	16168620	*	-T/-T	+	0	0	FRAME_SHIFT
Y	16168621	*	+T/+T	+	0	0	FRAME_SHIFT
Y	16168622	*	-A/-A	+	0	0	FRAME_SHIFT
Y	16168623	*	+C/+C	+	0	0	FRAME_SHIFT
Y	16168624	*	-A/-A	+	0	0	FRAME_SHIFT
Y	16168625	*	+T/+T	+	0	0	FRAME_SHIFT
Y	16168626	*	-A/-A	+	0	0	FRAME_SHIFT
Y	16168627	*	+C/+C	+	0	0	FRAME_SHIFT
Y	16168628	*	-C/-C	+	0	0	FRAME_SHIFT
Y	16168629	*	+C/+C	+	0	0	FRAME_SHIFT
Y	16168630	*	-T/-T	+	0	0	FRAME_SHIFT
Y	16168631	*	+G/+G	+	0	0	FRAME_SHIFT
Y	16168632	*	-A/-A	+	0	0	FRAME_SHIFT
Y	16168633	*	+A/+A	+	0	0	FRAME_SHIFT
Y	16168634	*	-A/-A	+	0	0	FRAME_SHIFT
Y	16168635	*	+A/+A	+	0	0	FRAME_SHIFT
Y	16168636	*	-A/-A	+	0	0	FRAME_SHIFT
Y	16168637	*	+G/+G	+	0	0	FRAME_SHIFT
Y	16168638	*	-A/-A	+	0	0	FRAME_SHIFT
Y	16168639	*	+T/+T	+	0	0	FRAME_SHIFT
Y	16168640	*	-C/-C	+	0	0	FRAME_SHIFT
Y	16168641	*	+A/+A	+	0	0	FRAME_SHIFT
Y	16168642	*	-C/-C	+	0	0	FRAME_SHIFT
Y	16168643	*	+G/+G	+	0	0	FRAME_SHIFT
Y	16168644	*	-C/-C	+	0	0	FRAME_SHIFT
Y	16168645	*	+T/+T	+	0	0	FRAME_SHIFT
Y	16168646	*	-C/-C	+	0	0	FRAME_SHIFT
Y	16168647	*	+G/+G	+	0	0	FRAME_SHIFT
Y	16168648	*	-T/-T	+	0	0	FRAME_SHIFT
Y	16168649	*	+A/+A	+	0	0	FRAME_SHIFT
Y	16168650	*	-C/-C	+	0	0	FRAME_SHIFT
Y	16168651	*	+T/+T	+	0	0	FRAME_SHIFT
Y	16168652	*	-C/-C	+	0	0	FRAME_SHIFT
Y	16168653	*	+C/+C	+	0	0	FRAME_SHIFT
Y	16168654	*	-G/-G	+	0	0	FRAME_SHIFT
Y	16168655	*	+T/+T	+	0	0	FRAME_SHIFT
Y	16168656	*	-A/-A	+	0	0	FRAME_SHIFT
Y	16168657	*	+A/+A	+	0	0	FRAME_SHIFT
Y	16168658	*	-A/-A	+	0	0	FRAME_SHIFT
Y	16168659	*	+G/+G	+	0	0	FRAME_SHIFT
Y	16168660	*	-T/-T	+	0	0	FRAME_SHIFT
Y	16168661	*	+G/+G	+	0	0	FRAME_SHIFT
Y	16168662	*	-G/-G	+	0	0	FRAME_SHIFT
Y	16168663	*	+A/+A	+	0	0	FRAME_SHIFT
Y	16168664	*	-T/-T	+	0	0	FRAME_SHIFT
Y	16168665	*	+T/+T	+	0	0	FRAME_SHIFT
Y	16168666	*	-A/-A	+	0	0	FRAME_SHIFT
Y	16168667	*	+G/+G	+	0	0	FRAME_SHIFT
Y	16168668	*	-A/-A	+	0	0	FRAME_SHIFT
Y	16168669	*	+G/+G	+	0	0	FRAME_SHIFT
Y	16168670	*	-C/-C	+	0	0	FRAME_SHIFT
Y	16168671	*	+C/+C	+	0	0	FRAME_SHIFT
Y	16168672	*	-A/-A	+	0	0	FRAME_SHIFT
Y	16168673	*	+C/+C	+	0	0	FRAME_SHIFT
Y	16168674	*	-A/-A	+	0	0	FRAME_SHIFT
Y	16168675	*	+G/+G	+	0	0	FRAME_SHIFT
Y	16168676	*	-G/-G	+	0	0	FRAME_SHIFT
Y	16168677	*	+C/+C	+	0	0	FRAME_SHIFT
Y	16168678	*	-A/-A	+	0	0	FRAME_SHIFT
Y	16168679	*	+T/+T	+	0	0	FRAME_SHIFT
Y	16168680	*	-T/-T	+	0	0	FRAME_SHIFT
Y	16168681	*	+T/+T	+	0	0	FRAME_SHIFT
Y	16168682	*	-A/-A	+	0	0	FRAME_SHIFT
Y	16168683	*	+A/+A	+	0	0	FRAME_SHIFT
Y	16168684	*	-G/-G	+	0	0	FRAME_SHIFT
Y	16168685	*	+A/+A	+	0	0	FRAME_SHIFT
Y	16168686	*	-T/-T	+	0	0	FRAME_SHIFT
Y	16168687	*	+T/+T	+	0	0	FRAME_SHIFT
Y	16168688	*	-C/-C	+	0	0	FRAME_SHIFT
Y	16168689	*	+T/+T	+	0	0	FRAME_SHIFT
Y	16168690	*	-T/-T	+	0	0	FRAME_SHIFT
Y	16168691	*	+T/+T	+	0	0	FRAME_SHIFT
Y	16168692	*	-T/-T	+	0	0	FRAME_SHIFT
Y	16168693	*	+G/+G	+	0	0	FRAME_SHIFT
Y	16168694	*	-A/-A	+	0	0	FRAME_SHIFT
Y	16168695	*	+A/+A	+	0	0	FRAME_SHIFT
Y	16168696	*	-A/-A	+	0	0	FRAME_SHIFT
Y	16168697	*	+C/+C	+	0	0	FRAME_SHIFT
Y	16168698	*	-C/-C	+	0	0	FRAME_SHIFT
Y	16168699	*	+G/+G	+	0	0	FRAME_SHIFT
Y	16168700	*	-G/-G	+	0	0	FRAME_SHIFT
Y	16168701	*	+G/+G	+	0	0	FRAME_SHIFT
Y	16168702	*	-G/-G	+	0	0	FRAME_SHIFT
Y	16168703	*	+A/+A	+	0	0	FRAME_SHIFT
Y	16168704	*	-G/-G	+	0	0	FRAME_SHIFT
Y	16168705	*	+T/+T	+	0	0	FRAME_SHIFT
Y	16168706	*	-G/-G	+	0	0	FRAME_SHIFT
Y	16168707	*	+G/+G	+	0	0	FRAME_SHIFT
Y	16168708	*	-A/-A	+	0	0	FRAME_SHIFT
Y	16168709	*	+A/+A	+	0	0	FRAME_SHIFT
Y	16168710	*	-A/-A	+	0	0	FRAME_SHIFT
Y	16168711	*	+G/+G	+	0	0	FRAME_SHIFT
Y	16168712	*	-T/-T	+	0	0	FRAME_SHIFT
Y	16168713	*	+T/+T	+	0	0	FRAME_SHIFT
Y	16168714	*	-G/-G	+	0	0	FRAME_SHIFT
Y	16168715	*	+T/+T	+	0	0	FRAME_SHIFT
Y	16168716	*	-T/-T	+	0	0	FRAME_SHIFT
Y	16168717	*	+A/+A	+	0	0	FRAME_SHIFT
Y	16168718	*	-T/-T	+	0	0	FRAME_SHIFT
Y	16168719	*	+T/+T	+	0	0	FRAME_SHIFT
Y	16168720	*	-T/-T	+	0	0	FRAME_SHIFT
Y	16168721	*	+T/+T	+	0	0	FRAME_SHIFT
Y	16168722	*	-C/-C	+	0	0	FRAME_SHIFT
Y	16168723	*	+C/+C	+	0	0	FRAME_SHIFT
Y	16168724	*	-A/-A	+	0	0	FRAME_SHIFT
Y	16168725	*	+C/+C	+	0	0	FRAME_SHIFT
Y	16168726	*	-G/-G	+	0	0	FRAME_SHIFT
Y	16168727	*	+G/+G	+	0	0	FRAME_SHIFT
Y	16168728	*	-C/-C	+	0	0	FRAME_SHIFT
Y	16168729	*	+A/+A	+	0	0	FRAME_SHIFT
Y	16168730	*	-A/-A	+	0	0	FRAME_SHIFT
Y	16168731	*	+G/+G	+	0	0	FRAME_SHIFT
Y	16168732	*	-C/-C	+	0	0	FRAME_SHIFT
Y	16168733	*	+A/+A	+	0	0	FRAME_SHIFT
Y	16168734	*	-C/-C	+	0	0	FRAME_SHIFT
Y	16168735	*	+G/+G	+	0	0	FRAME_SHIFT
Y	16168736	*	-T/-T	+	0	0	FRAME_SHIFT
Y	16168737	*	+T/+T	+	0	0	FRAME_SHIFT
Y	16168738	*	-A/-A	+	0	0	FRAME_SHIFT
Y	16168739	*	+T/+T	+	0	0	FRAME_SHIFT
Y	16168740	*	-A/-A	+	0	0	UTR_3_PRIME
Y	16168741	*	+G/+G	+	0	0	UTR_3_PRIME
Y	16168742	*	-C/-C	+	0	0	UTR_3_PRIME
Y	16168743	*	+G/+G	+	0	0	UTR_3_PRIME
Y	16168744	*	-A/-A	+	0	0	UTR_3_PRIME
Y	16168745	*	+C/+C	+	0	0	UTR_3_PRIME
Y	16168746	*	-A/-A	+	0	0	UTR_3_PRIME
Y	16168747	*	+T/+T	+	0	0	UTR_3_PRIME
Y	16168748	*	-T/-T	+	0	0	UTR_3_PRIME
Y	16168749	*	+A/+A	+	0	0	UTR_3_PRIME
Y	16168750	*	-T/-T	+	0	0	UTR_3_PRIME
Y	16168751	*	+G/+G	+	0	0	UTR_3_PRIME
Y	16168752	*	-T/-T	+	0	0	UTR_3_PRIME
Y	16168753	*	+G/+G	+	0	0	UTR_3_PRIME
Y	16168754	*	-C/-C	+	0	0	UTR_3_PRIME
Y	16168755	*	+C/+C	+	0	0	UTR_3_PRIME
Y	16168756	*	-G/-G	+	0	0	UTR_3_PRIME
Y	16168757	*	+G/+G	+	0	0	UTR_3_PRIME
Y	16168758	*	-T/-T	+	0	0	UTR_3_PRIME
Y	16168759	*	+C/+C	+	0	0	UTR_3_PRIME
Y	16168760	*	-A/-A	+	0	0	UTR_3_PRIME
Y	16168761	*	+G/+G	+	0	0	UTR_3_PRIME
Y	16168762	*	-A/-A	+	0	0	UTR_3_PRIME
Y	16168763	*	+C/+C	+	0	0	UTR_3_PRIME
Y	16168764	*	-T/-T	+	0	0	UTR_3_PRIME
Y	16168765	*	+T/+T	+	0	0	UTR_3_PRIME
Y	16168766	*	-C/-C	+	0	0	UTR_3_PRIME
Y	16168767	*	+T/+T	+	0	0	UTR_3_PRIME
Y	16168768	*	-C/-C	+	0	0	UTR_3_PRIME
Y	16168769	*	+G/+G	+	0	0	UTR_3_PRIME
Y	16168770	*	-C/-C	+	0	0	UTR_3_PRIME
Y	16168771	*	+T/+T	+	0	0	UTR_3_PRIME
Y	16168772	*	-A/-A	+	0	0	UTR_3_PRIME
Y	16168773	*	+T/+T	+	0	0	UTR_3_PRIME
Y	16168774	*	-T/-T	+	0	0	UTR_3_PRIME
Y	16168775	*	+C/+C	+	0	0	UTR_3_PRIME
Y	16168776	*	-C/-C	+	0	0	UTR_3_PRIME
Y	16168777	*	+G/+G	+	0	0	UTR_3_PRIME
Y	16168778	*	-G/-G	+	0	0	UTR_3_PRIME
Y	16168779	*	+C/+C	+	0	0	UTR_3_PRIME
Y	16168780	*	-G/-G	+	0	0	UTR_3_PRIME
Y	16168781	*	+G/+G	+	0	0	UTR_3_PRIME
Y	16168782	*	-T/-T	+	0	0	UTR_3_PRIME
Y	16168783	*	+T/+T	+	0	0	UTR_3_PRIME
Y	16168784	*	-G/-G	+	0	0	UTR_3_PRIME
Y	16168785	*	+A/+A	+	0	0	UTR_3_PRIME
Y	16168786	*	-G/-G	+	0	0	UTR_3_PRIME
Y	16168787	*	+G/+G	+	0	0	UTR_3_PRIME
Y	16168788	*	-T/-T	+	0	0	UTR_3_PRIME
Y	16168789	*	+G/+G	+	0	0	UTR_3_PRIME
Y	16168790	*	-C/-C	+	0	0	UTR_3_PRIME
Y	16168791	*	+T/+T	+	0	0	UTR_3_PRIME
Y	16168792	*	-C/-C	+	0	0	UTR_3_PRIME
Y	16168793	*	+T/+T	+	0	0	UTR_3_PRIME
Y	16168794	*	-G/-G	+	0	0	UTR_3_PRIME
Y	16168795	*	+T/+T	+	0	0	UTR_3_PRIME
Y	16168796	*	-C/-C	+	0	0	UTR_3_PRIME
Y	16168797	*	+A/+A	+	0	0	UTR_3_PRIME
Y	16168798	*	-T/-T	+	0	0	UTR_3_PRIME
Y	16168799	*	+C/+C	+	0	0	UTR_3_PRIME
Y	16168800	*	-G/-G	+	0	0	UTR_3_PRIME
Y	16168801	*	+G/+G	+	0	0	UTR_3_PRIME
Y	16168802	*	-G/-G	+	0	0	UTR_3_PRIME
Y	16168803	*	+A/+A	+	0	0	UTR_3_PRIME
Y	16168804	*	-G/-G	+	0	0	UTR_3_PRIME
Y	16168805	*	+A/+A	+	0	0	UTR_3_PRIME
Y	16168806	*	-C/-C	+	0	0	UTR_3_PRIME
Y	16168807	*	+A/+A	+	0	0	UTR_3_PRIME
Y	16168808	*	-G/-G	+	0	0	UTR_3_PRIME
Y	16168809	*	+C/+C	+	0	0	UTR_3_PRIME
Y	16168810	*	-A/-A	+	0	0	UTR_3_PRIME
Y	16168811	*	+G/+G	+	0	0	UTR_3_PRIME
Y	16168812	*	-A/-A	+	0	0	UTR_3_PRIME
Y	16168813	*	+G/+G	+	0	0	UTR_3_PRIME
Y	16168814	*	-T/-T	+	0	0	UTR_3_PRIME
Y	16168815	*	+G/+G	+	0	0	UTR_3_PRIME
Y	16168816	*	-A/-A	+	0	0	UTR_3_PRIME
Y	16168817	*	+C/+C	+	0	0	UTR_3_PRIME
Y	16168818	*	-T/-T	+	0	0	UTR_3_PRIME
Y	16168819	*	+T/+T	+	0	0	UTR_3_PRIME
Y	16168820	*	-T/-T	+	0	0	UTR_3_PRIME
Y	16168821	*	+G/+G	+	0	0	UTR_3_PRIME
Y	16168822	*	-A/-A	+	0	0	UTR_3_PRIME
Y	16168823	*	+C/+C	+	0	0	UTR_3_PRIME
Y	16168824	*	-T/-T	+	0	0	UTR_3_PRIME
Y	16168825	*	+G/+G	+	0	0	UTR_3_PRIME
Y	16168826	*	-C/-C	+	0	0	UTR_3_PRIME
Y	16168827	*	+G/+G	+	0	0	UTR_3_PRIME
Y	16168828	*	-T/-T	+	0	0	UTR_3_PRIME
Y	16168829	*	+T/+T	+	0	0	UTR_3_PRIME
Y	16168830	*	-T/-T	+	0	0	UTR_3_PRIME
Y	16168831	*	+A/+A	+	0	0	UTR_3_PRIME
Y	16168832	*	-G/-G	+	0	0	UTR_3_PRIME
Y	16168833	*	+G/+G	+	0	0	UTR_3_PRIME
Y	16168834	*	-T/-T	+	0	0	UTR_3_PRIME
Y	16168835	*	+T/+T	+	0	0	UTR_3_PRIME
Y	16168836	*	-T/-T	+	0	0	UTR_3_PRIME
Y	16168837	*	+G/+G	+	0	0	UTR_3_PRIME
Y	16168838	*	-G/-G	+	0	0	UTR_3_PRIME
Y	16168839	*	+A/+A	+	0	0	DOWNSTREAM
Y	16168840	*	-G/-G	+	0	0	DOWNSTREAM
Y	16168841	*	+G/+G	+	0	0	DOWNSTREAM
Y	16168842	*	-T/-T	+	0	0	DOWNSTREAM
Y	16168843	*	+T/+T	+	0	0	DOWNSTREAM
Y	16168844	*	-A/-A	+	0	0	DOWNSTREAM
Y	16168845	*	+C/+C	+	0	0	DOWNSTREAM
Y	16168846	*	-C/-C	+	0	0	DOWNSTREAM
Y	16168847	*	+C/+C	+	0	0	DOWNSTREAM
Y	16168848	*	-G/-G	+	0	0	DOWNSTREAM
Y	16168849	*	+C/+C	+	0	0	DOWNSTREAM
Y	16168850	*	-T/-T	+	0	0	DOWNSTREAM
Y	16168851	*	+T/+T	+	0	0	DOWNSTREAM
Y	16168852	*	-A/-A	+	0	0	DOWNSTREAM
Y	16168853	*	+G/+G	+	0	0	DOWNSTREAM
Y	16168854	*	-G/-G	+	0	0	DOWNSTREAM
Y	16168855	*	+G/+G	+	0	0	DOWNSTREAM
Y	16168856	*	-C/-C	+	0	0	DOWNSTREAM
Y	16168857	*	+T/+T	+	0	0	DOWNSTREAM
Y	16168858	*	-T/-T	+	0	0	DOWNSTREAM
Y	16168859	*	+A/+A	+	0	0	DOWNSTREAM
Y	16168860	*	-T/-T	+	0	0	DOWNSTREAM
Y	16168861	*	+A/+A	+	0	0	DOWNSTREAM
Y	16168862	*	-T/-T	+	0	0	DOWNSTREAM
Y	16168863	*	+A/+A	+	0	0	DOWNSTREAM
Y	16168864	*	-C/-C	+	0	0	DOWNSTREAM
Y	16168865	*	+A/+A	+	0	0	DOWNSTREAM
Y	16168866	*	-A/-A	+	0	0	DOWNSTREAM
Y	16168867	*	+C/+C	+	0	0	DOWNSTREAM
Y	16168868	*	-T/-T	+	0	0	DOWNSTREAM
Y	16168869	*	+C/+C	+	0	0	DOWNSTREAM
Y	16168870	*	-A/-A	+	0	0	DOWNSTREAM
Y	16168871	*	+A/+A	+	0	0	DOWNSTREAM
Y	16168872	*	-C/-C	+	0	0	DOWNSTREAM
Y	16168873	*	+T/+T	+	0	0	DOWNSTREAM
Y	16168874	*	-A/-A	+	0	0	DOWNSTREAM
Y	16168875	*	+C/+C	+	0	0	DOWNSTREAM
Y	16168876	*	-G/-G	+	0	0	DOWNSTREAM
Y	16168877	*	+T/+T	+	0	0	DOWNSTREAM
Y	16168878	*	-G/-G	+	0	0	DOWNSTREAM
Y	16168879	*	+T/+T	+	0	0	DOWNSTREAM
Y	16168880	*	-A/-A	+	0	0	DOWNSTREAM
Y	16168881	*	+A/+A	+	0	0	DOWNSTREAM
Y	16168882	*	-G/-G	+	0	0	DOWNSTREAM
Y	16168883	*	+C/+C	+	0	0	DOWNSTREAM
Y	16168884	*	-G/-G	+	0	0	DOWNSTREAM
Y	16168885	*	+C/+C	+	0	0	DOWNSTREAM
Y	16168886	*	-T/-T	+	0	0	DOWNSTREAM
Y	16168887	*	+C/+C	+	0	0	DOWNSTREAM
Y	16168888	*	-T/-T	+	0	0	DOWNSTREAM
Y	16168889	*	+A/+A	+	0	0	DOWNSTREAM
Y	16168890	*	-G/-G	+	0	0	DOWNSTREAM
Y	16168891	*	+T/+T	+	0	0	DOWNSTREAM
Y	16168892	*	-A/-A	+	0	0	DOWNSTREAM
Y	16168893	*	+A/+A	+	0	0	DOWNSTREAM
Y	16168894	*	-A/-A	+	0	0	DOWNSTREAM
Y	16168895	*	+C/+C	+	0	0	DOWNSTREAM
Y	16168896	*	-G/-G	+	0	0	DOWNSTREAM
Y	16168897	*	+A/+A	+	0	0	DOWNSTREAM
Y	16168898	*	-T/-T	+	0	0	DOWNSTREAM
Y	16168899	*	+A/+A	+	0	0	DOWNSTREAM
Y	16168900	*	-G/-G	+	0	0	DOWNSTREAM
Y	16168901	*	+C/+C	+	0	0	DOWNSTREAM
Y	16168902	*	-T/-T	+	0	0	DOWNSTREAM
Y	16168903	*	+C/+C	+	0	0	DOWNSTREAM
Y	16168904	*	-T/-T	+	0	0	DOWNSTREAM
Y	16168905	*	+A/+A	+	0	0	DOWNSTREAM
Y	16168906	*	-A/-A	+	0	0	DOWNSTREAM
Y	16168907	*	+A/+A	+	0	0	DOWNSTREAM
Y	16168908	*	-C/-C	+	0	0	DOWNSTREAM
Y	16168909	*	+C/+C	+	0	0	DOWNSTREAM
Y	16168910	*	-A/-A	+	0	0	DOWNSTREAM
Y	16168911	*	+A/+A	+	0	0	DOWNSTREAM
Y	16168912	*	-A/-A	+	0	0	DOWNSTREAM
Y	16168913	*	+G/+G	+	0	0	DOWNSTREAM
Y	16168914	*	-T/-T	+	0	0	DOWNSTREAM
Y	16168915	*	+C/+C	+	0	0	DOWNSTREAM
Y	16168916	*	-G/-G	+	0	0	DOWNSTREAM
Y	16168917	*	+A/+A	+	0	0	DOWNSTREAM
Y	16168918	*	-T/-T	+	0	0	DOWNSTREAM
Y	16168919	*	+T/+T	+	0	0	DOWNSTREAM
Y	16168920	*	-A/-A	+	0	0	DOWNSTREAM
Y	16168921	*	+T/+T	+	0	0	DOWNSTREAM
Y	16168922	*	-C/-C	+	0	0	DOWNSTREAM
Y	16168923	*	+A/+A	+	0	0	DOWNSTREAM
Y	16168924	*	-G/-G	+	0	0	DOWNSTREAM
Y	16168925	*	+T/+T	+	0	0	DOWNSTREAM
Y	16168926	*	-T/-T	+	0	0	DOWNSTREAM
Y	16168927	*	+G/+G	+	0	0	DOWNSTREAM
Y	16168928	*	-G/-G	+	0	0	DOWNSTREAM
Y	16168929	*	+G/+G	+	0	0	DOWNSTREAM
Y	16168930	*	-T/-T	+	0	0	DOWNSTREAM
Y	16168931	*	+T/+T	+	0	0	DOWNSTREAM
Y	16168932	*	-T/-T	+	0	0	DOWNSTREAM
Y	16168933	*	+G/+G	+	0	0	DOWNSTREAM
Y	16168934	*	-G/-G	+	0	0	DOWNSTREAM
Y	16168935	*	+T/+T	+	0	0	DOWNSTREAM
Y	16168936	*	-C/-C	+	0	0	DOWNSTREAM
Y	16168937	*	+T/+T	+	0	0	DOWNSTREAM
Y	16168938	*	-C/-C	+	0	0	DOWNSTREAM
