Y	9192762	A	C	+	0	0	INTRON
Y	9192762	A	C	+	0	0	NON_SYNONYMOUS_CODING (M/L)
Y	9192762	A	C	+	0	0	NON_SYNONYMOUS_CODING (M/L)
Y	9192762	A	C	+	0	0	NON_SYNONYMOUS_CODING (D/A)
Y	9192762	A	C	+	0	0	SYNONYMOUS_CODING (G)
Y	9192762	A	C	+	0	0	UPSTREAM
Y	9192762	A	C	+	0	0	UPSTREAM
Y	9192762	A	C	+	0	0	UPSTREAM
Y	9192762	A	C	+	0	0	UPSTREAM
Y	9192762	A	C	+	0	0	UPSTREAM
Y	9192762	A	C	+	0	0	INTRON
Y	9192762	A	C	+	0	0	NON_SYNONYMOUS_CODING (M/L)
Y	9192762	A	C	+	0	0	NON_SYNONYMOUS_CODING (M/L)
Y	9192762	A	C	+	0	0	NON_SYNONYMOUS_CODING (D/A)
Y	9192762	A	C	+	0	0	SYNONYMOUS_CODING (G)
Y	9192762	A	C	+	0	0	UPSTREAM
Y	9192762	A	C	+	0	0	UPSTREAM
Y	9192762	A	C	+	0	0	UPSTREAM
Y	9192762	A	C	+	0	0	UPSTREAM
Y	9192762	A	C	+	0	0	UPSTREAM
Y	9192764	A	C	+	0	0	INTRON
Y	9192764	A	C	+	0	0	NON_SYNONYMOUS_CODING (Q/H)
Y	9192764	A	C	+	0	0	NON_SYNONYMOUS_CODING (Q/H)
Y	9192764	A	C	+	0	0	NON_SYNONYMOUS_CODING (Q/H)
Y	9192764	A	C	+	0	0	NON_SYNONYMOUS_CODING (G/R)
Y	9192764	A	C	+	0	0	UPSTREAM
Y	9192764	A	C	+	0	0	UPSTREAM
Y	9192764	A	C	+	0	0	UPSTREAM
Y	9192764	A	C	+	0	0	UPSTREAM
Y	9192764	A	C	+	0	0	UPSTREAM
Y	9192764	A	C	+	0	0	INTRON
Y	9192764	A	C	+	0	0	NON_SYNONYMOUS_CODING (Q/H)
Y	9192764	A	C	+	0	0	NON_SYNONYMOUS_CODING (Q/H)
Y	9192764	A	C	+	0	0	NON_SYNONYMOUS_CODING (Q/H)
Y	9192764	A	C	+	0	0	NON_SYNONYMOUS_CODING (G/R)
Y	9192764	A	C	+	0	0	UPSTREAM
Y	9192764	A	C	+	0	0	UPSTREAM
Y	9192764	A	C	+	0	0	UPSTREAM
Y	9192764	A	C	+	0	0	UPSTREAM
Y	9192764	A	C	+	0	0	UPSTREAM
Y	9213042	A	C	+	0	0	INTRON
Y	9213042	A	C	+	0	0	NON_SYNONYMOUS_CODING (M/L)
Y	9213042	A	C	+	0	0	NON_SYNONYMOUS_CODING (D/A)
Y	9213042	A	C	+	0	0	NON_SYNONYMOUS_CODING (M/L)
Y	9213042	A	C	+	0	0	SYNONYMOUS_CODING (G)
Y	9213042	A	C	+	0	0	UPSTREAM
Y	9213042	A	C	+	0	0	UPSTREAM
Y	9213042	A	C	+	0	0	INTRON
Y	9213042	A	C	+	0	0	NON_SYNONYMOUS_CODING (M/L)
Y	9213042	A	C	+	0	0	NON_SYNONYMOUS_CODING (D/A)
Y	9213042	A	C	+	0	0	NON_SYNONYMOUS_CODING (M/L)
Y	9213042	A	C	+	0	0	SYNONYMOUS_CODING (G)
Y	9213042	A	C	+	0	0	UPSTREAM
Y	9213042	A	C	+	0	0	UPSTREAM
Y	9213044	A	C	+	0	0	INTRON
Y	9213044	A	C	+	0	0	NON_SYNONYMOUS_CODING (Q/H)
Y	9213044	A	C	+	0	0	NON_SYNONYMOUS_CODING (Q/H)
Y	9213044	A	C	+	0	0	NON_SYNONYMOUS_CODING (Q/H)
Y	9213044	A	C	+	0	0	NON_SYNONYMOUS_CODING (G/R)
Y	9213044	A	C	+	0	0	UPSTREAM
Y	9213044	A	C	+	0	0	UPSTREAM
Y	9213044	A	C	+	0	0	INTRON
Y	9213044	A	C	+	0	0	NON_SYNONYMOUS_CODING (Q/H)
Y	9213044	A	C	+	0	0	NON_SYNONYMOUS_CODING (Q/H)
Y	9213044	A	C	+	0	0	NON_SYNONYMOUS_CODING (Q/H)
Y	9213044	A	C	+	0	0	NON_SYNONYMOUS_CODING (G/R)
Y	9213044	A	C	+	0	0	UPSTREAM
Y	9213044	A	C	+	0	0	UPSTREAM
Y	9301925	A	C	+	0	0	INTRON
Y	9301925	A	C	+	0	0	INTRON
Y	9301925	A	C	+	0	0	NON_SYNONYMOUS_CODING (M/L)
Y	9301925	A	C	+	0	0	NON_SYNONYMOUS_CODING (M/L)
Y	9301925	A	C	+	0	0	NON_SYNONYMOUS_CODING (M/L)
Y	9301925	A	C	+	0	0	DOWNSTREAM
Y	9301925	A	C	+	0	0	UPSTREAM
Y	9301925	A	C	+	0	0	UPSTREAM
Y	9301925	A	C	+	0	0	INTRON
Y	9301925	A	C	+	0	0	INTRON
Y	9301925	A	C	+	0	0	NON_SYNONYMOUS_CODING (M/L)
Y	9301925	A	C	+	0	0	NON_SYNONYMOUS_CODING (M/L)
Y	9301925	A	C	+	0	0	NON_SYNONYMOUS_CODING (M/L)
Y	9301925	A	C	+	0	0	DOWNSTREAM
Y	9301925	A	C	+	0	0	UPSTREAM
Y	9301925	A	C	+	0	0	UPSTREAM
Y	9301925	A	C	+	0	0	INTRON
Y	9301925	A	C	+	0	0	INTRON
Y	9301925	A	C	+	0	0	NON_SYNONYMOUS_CODING (M/L)
Y	9301925	A	C	+	0	0	NON_SYNONYMOUS_CODING (M/L)
Y	9301925	A	C	+	0	0	NON_SYNONYMOUS_CODING (M/L)
Y	9301925	A	C	+	0	0	DOWNSTREAM
Y	9301925	A	C	+	0	0	UPSTREAM
Y	9301925	A	C	+	0	0	UPSTREAM
Y	9301927	A	C	+	0	0	INTRON
Y	9301927	A	C	+	0	0	INTRON
Y	9301927	A	C	+	0	0	NON_SYNONYMOUS_CODING (Q/H)
Y	9301927	A	C	+	0	0	NON_SYNONYMOUS_CODING (Q/H)
Y	9301927	A	C	+	0	0	NON_SYNONYMOUS_CODING (Q/H)
Y	9301927	A	C	+	0	0	DOWNSTREAM
Y	9301927	A	C	+	0	0	UPSTREAM
Y	9301927	A	C	+	0	0	UPSTREAM
Y	9301927	A	C	+	0	0	INTRON
Y	9301927	A	C	+	0	0	INTRON
Y	9301927	A	C	+	0	0	NON_SYNONYMOUS_CODING (Q/H)
Y	9301927	A	C	+	0	0	NON_SYNONYMOUS_CODING (Q/H)
Y	9301927	A	C	+	0	0	NON_SYNONYMOUS_CODING (Q/H)
Y	9301927	A	C	+	0	0	DOWNSTREAM
Y	9301927	A	C	+	0	0	UPSTREAM
Y	9301927	A	C	+	0	0	UPSTREAM
Y	9301927	A	C	+	0	0	INTRON
Y	9301927	A	C	+	0	0	INTRON
Y	9301927	A	C	+	0	0	NON_SYNONYMOUS_CODING (Q/H)
Y	9301927	A	C	+	0	0	NON_SYNONYMOUS_CODING (Q/H)
Y	9301927	A	C	+	0	0	NON_SYNONYMOUS_CODING (Q/H)
Y	9301927	A	C	+	0	0	DOWNSTREAM
Y	9301927	A	C	+	0	0	UPSTREAM
Y	9301927	A	C	+	0	0	UPSTREAM
Y	9383038	A	C	+	0	0	NON_SYNONYMOUS_CODING (M/L)
Y	9383038	A	C	+	0	0	UPSTREAM
Y	9383040	A	C	+	0	0	NON_SYNONYMOUS_CODING (Q/H)
Y	9383040	A	C	+	0	0	UPSTREAM
