Y	16168095	A	C	+	0	0	UPSTREAM
Y	16168096	A	C	+	0	0	UPSTREAM
Y	16168168	A	C	+	0	0	UTR_5_PRIME
Y	16168169	A	C	+	0	0	UTR_5_PRIME
Y	16168272	A	C	+	0	0	SPLICE_SITE_DONOR
Y	16168273	A	C	+	0	0	SPLICE_SITE_DONOR
Y	16168274	A	C	+	0	0	INTRON
Y	16168461	A	C	+	0	0	INTRON
Y	16168462	A	C	+	0	0	SPLICE_SITE_ACCEPTOR
Y	16168463	A	C	+	0	0	SPLICE_SITE_ACCEPTOR
Y	16168740	A	C	+	0	0	UTR_3_PRIME
Y	16168741	A	C	+	0	0	UTR_3_PRIME
Y	16168839	A	C	+	0	0	DOWNSTREAM
Y	16168840	A	C	+	0	0	DOWNSTREAM

