Y	16168462	*	-TTT/-TTT	+	0	0	FRAME_SHIFT
Y	16168463	*	-TTT/-TTT	+	0	0	FRAME_SHIFT
